#-----------------------------------------------------------
# Vivado v2025.2 (64-bit)
# SW Build 6299465 on Fri Nov 14 19:35:11 GMT 2025
# IP Build 6300035 on Fri Nov 14 10:48:45 MST 2025
# SharedData Build 6298862 on Thu Nov 13 04:50:51 MST 2025
# Start of session at: Thu Jun 11 00:36:17 2026
# Process ID         : 333172
# Current directory  : C:/Users/Administrator/Desktop/final_lab5
# Command line       : vivado.exe -mode batch -source scripts\create_vivado_project.tcl
# Log file           : C:/Users/Administrator/Desktop/final_lab5/vivado.log
# Journal file       : C:/Users/Administrator/Desktop/final_lab5\vivado.jou
# Running On         : USER-20260308ZV
# Platform           : Windows Server 2016 or Windows 10
# Operating System   : 26200
# Processor Detail   : AMD Ryzen 9 7945HX with Radeon Graphics        
# CPU Frequency      : 2495 MHz
# CPU Physical cores : 16
# CPU Logical cores  : 32
# Host memory        : 16844 MB
# Swap memory        : 10200 MB
# Total Virtual      : 27045 MB
# Available Virtual  : 9485 MB
#-----------------------------------------------------------
source {scripts\create_vivado_project.tcl}
# set script_dir [file dirname [file normalize [info script]]]
# set lab_dir [file normalize [file join $script_dir ..]]
# set project_dir [file join $lab_dir vivado sort_demo]
# file mkdir $project_dir
# create_project sort_demo $project_dir -part xc7a100tcsg324-1 -force
create_project: Time (s): cpu = 00:00:05 ; elapsed = 00:00:06 . Memory (MB): peak = 546.176 ; gain = 221.188
# set board_name "digilentinc.com:nexys4_ddr:part0:1.1"
# if {[llength [get_board_parts -quiet $board_name]] > 0} {
#     set_property board_part $board_name [current_project]
# } else {
#     puts "Board part $board_name is not installed; using device part xc7a100tcsg324-1 only."
# }
Board part digilentinc.com:nexys4_ddr:part0:1.1 is not installed; using device part xc7a100tcsg324-1 only.
# add_files [file join $lab_dir src hex_to_7seg.v]
# add_files [file join $lab_dir src scan_7seg.v]
# add_files [file join $lab_dir src sort_8_nibbles.v]
# add_files [file join $lab_dir src debounce.v]
# add_files [file join $lab_dir src board_number_demo.v]
# add_files -fileset constrs_1 [file join $lab_dir constraints Nexys4DDR_SortDemo.xdc]
# set_property top board_number_demo [current_fileset]
# update_compile_order -fileset sources_1
# puts "Created Vivado project: $project_dir"
Created Vivado project: C:/Users/Administrator/Desktop/final_lab5/vivado/sort_demo
INFO: [Common 17-206] Exiting Vivado at Thu Jun 11 00:36:28 2026...
