#-----------------------------------------------------------
# Vivado v2025.2 (64-bit)
# SW Build 6299465 on Fri Nov 14 19:35:11 GMT 2025
# IP Build 6300035 on Fri Nov 14 10:48:45 MST 2025
# SharedData Build 6298862 on Thu Nov 13 04:50:51 MST 2025
# Start of session at: Tue Jun 16 19:27:31 2026
# Process ID         : 24752
# Current directory  : C:/Users/Administrator/Desktop/final_lab5
# Command line       : vivado.exe -mode batch -source scripts\run_bitstream_pl.tcl
# Log file           : C:/Users/Administrator/Desktop/final_lab5/vivado.log
# Journal file       : C:/Users/Administrator/Desktop/final_lab5\vivado.jou
# Running On         : USER-20260308ZV
# Platform           : Windows Server 2016 or Windows 10
# Operating System   : 26200
# Processor Detail   : AMD Ryzen 9 7945HX with Radeon Graphics        
# CPU Frequency      : 2495 MHz
# CPU Physical cores : 16
# CPU Logical cores  : 32
# Host memory        : 16844 MB
# Swap memory        : 11274 MB
# Total Virtual      : 28119 MB
# Available Virtual  : 12151 MB
#-----------------------------------------------------------
source {scripts\run_bitstream_pl.tcl}
# set script_dir [file dirname [file normalize [info script]]]
# set lab_dir [file normalize [file join $script_dir ..]]
# set out_dir [file join $lab_dir vivado bitstream_check_pl]
# file mkdir $out_dir
# set src_dir [file join $lab_dir src]
# set pl_dir [file join $lab_dir pl-src]
# read_verilog [file join $pl_dir ctrl_encode_def.v]
read_verilog: Time (s): cpu = 00:00:08 ; elapsed = 00:00:11 . Memory (MB): peak = 549.383 ; gain = 223.035
# read_verilog [file join $pl_dir alu.v]
# read_verilog [file join $pl_dir ctrl.v]
# read_verilog [file join $pl_dir dm_sort.v]
# read_verilog [file join $pl_dir EXT.v]
# read_verilog [file join $pl_dir im_sort.v]
# read_verilog [file join $pl_dir NPC.v]
# read_verilog [file join $pl_dir PC.v]
# read_verilog [file join $pl_dir pl_reg.v]
# read_verilog [file join $pl_dir PLCPU.v]
# read_verilog [file join $pl_dir RF.v]
# read_verilog [file join $pl_dir plcomp_sort.v]
# read_verilog [file join $src_dir debounce.v]
# read_verilog [file join $src_dir hex_to_7seg.v]
# read_verilog [file join $src_dir scan_7seg.v]
# read_verilog [file join $src_dir board_number_demo_pl.v]
# read_xdc [file join $lab_dir constraints Nexys4DDR_SortDemo.xdc]
# synth_design -top board_number_demo_pl -part xc7a100tcsg324-1
Command: synth_design -top board_number_demo_pl -part xc7a100tcsg324-1
Starting synth_design
Attempting to get a license for feature 'Synthesis' and/or device 'xc7a100t'
INFO: [Common 17-349] Got license for feature 'Synthesis' and/or device 'xc7a100t'
INFO: [Device 21-403] Loading part xc7a100tcsg324-1
INFO: [Synth 8-7079] Multithreading enabled for synth_design using a maximum of 2 processes.
INFO: [Synth 8-7078] Launching helper process for spawning children vivado processes
INFO: [Synth 8-7075] Helper process launched with PID 30908
---------------------------------------------------------------------------------
Starting RTL Elaboration : Time (s): cpu = 00:00:05 ; elapsed = 00:00:07 . Memory (MB): peak = 1296.445 ; gain = 542.586
---------------------------------------------------------------------------------
INFO: [Synth 8-11241] undeclared symbol 'npc_base', assumed default net type 'wire' [C:/Users/Administrator/Desktop/final_lab5/pl-src/PLCPU.v:120]
WARNING: [Synth 8-8895] 'npc_base' is already implicitly declared on line 120 [C:/Users/Administrator/Desktop/final_lab5/pl-src/PLCPU.v:188]
INFO: [Synth 8-6157] synthesizing module 'board_number_demo_pl' [C:/Users/Administrator/Desktop/final_lab5/src/board_number_demo_pl.v:3]
INFO: [Synth 8-6157] synthesizing module 'debounce' [C:/Users/Administrator/Desktop/final_lab5/src/debounce.v:3]
	Parameter DEBOUNCE_CNT bound to: 1048576 - type: integer 
INFO: [Synth 8-6155] done synthesizing module 'debounce' (0#1) [C:/Users/Administrator/Desktop/final_lab5/src/debounce.v:3]
INFO: [Synth 8-6157] synthesizing module 'plcomp_sort' [C:/Users/Administrator/Desktop/final_lab5/pl-src/plcomp_sort.v:2]
INFO: [Synth 8-6157] synthesizing module 'PLCPU' [C:/Users/Administrator/Desktop/final_lab5/pl-src/PLCPU.v:2]
INFO: [Synth 8-6157] synthesizing module 'ctrl' [C:/Users/Administrator/Desktop/final_lab5/pl-src/ctrl.v:3]
INFO: [Synth 8-226] default block is never used [C:/Users/Administrator/Desktop/final_lab5/pl-src/ctrl.v:64]
INFO: [Synth 8-6155] done synthesizing module 'ctrl' (0#1) [C:/Users/Administrator/Desktop/final_lab5/pl-src/ctrl.v:3]
INFO: [Synth 8-6157] synthesizing module 'PC' [C:/Users/Administrator/Desktop/final_lab5/pl-src/PC.v:1]
INFO: [Synth 8-6155] done synthesizing module 'PC' (0#1) [C:/Users/Administrator/Desktop/final_lab5/pl-src/PC.v:1]
INFO: [Synth 8-6157] synthesizing module 'NPC' [C:/Users/Administrator/Desktop/final_lab5/pl-src/NPC.v:3]
INFO: [Synth 8-6155] done synthesizing module 'NPC' (0#1) [C:/Users/Administrator/Desktop/final_lab5/pl-src/NPC.v:3]
INFO: [Synth 8-6157] synthesizing module 'EXT' [C:/Users/Administrator/Desktop/final_lab5/pl-src/EXT.v:2]
INFO: [Synth 8-6155] done synthesizing module 'EXT' (0#1) [C:/Users/Administrator/Desktop/final_lab5/pl-src/EXT.v:2]
INFO: [Synth 8-6157] synthesizing module 'RF' [C:/Users/Administrator/Desktop/final_lab5/pl-src/RF.v:1]
INFO: [Synth 8-6155] done synthesizing module 'RF' (0#1) [C:/Users/Administrator/Desktop/final_lab5/pl-src/RF.v:1]
INFO: [Synth 8-6157] synthesizing module 'alu' [C:/Users/Administrator/Desktop/final_lab5/pl-src/alu.v:3]
INFO: [Synth 8-6155] done synthesizing module 'alu' (0#1) [C:/Users/Administrator/Desktop/final_lab5/pl-src/alu.v:3]
INFO: [Synth 8-155] case statement is not full and has no default [C:/Users/Administrator/Desktop/final_lab5/pl-src/PLCPU.v:140]
INFO: [Synth 8-6157] synthesizing module 'pl_reg' [C:/Users/Administrator/Desktop/final_lab5/pl-src/pl_reg.v:1]
	Parameter WIDTH bound to: 64 - type: integer 
INFO: [Synth 8-6155] done synthesizing module 'pl_reg' (0#1) [C:/Users/Administrator/Desktop/final_lab5/pl-src/pl_reg.v:1]
INFO: [Synth 8-6157] synthesizing module 'pl_reg__parameterized0' [C:/Users/Administrator/Desktop/final_lab5/pl-src/pl_reg.v:1]
	Parameter WIDTH bound to: 194 - type: integer 
INFO: [Synth 8-6155] done synthesizing module 'pl_reg__parameterized0' (0#1) [C:/Users/Administrator/Desktop/final_lab5/pl-src/pl_reg.v:1]
INFO: [Synth 8-6157] synthesizing module 'pl_reg__parameterized1' [C:/Users/Administrator/Desktop/final_lab5/pl-src/pl_reg.v:1]
	Parameter WIDTH bound to: 146 - type: integer 
INFO: [Synth 8-6155] done synthesizing module 'pl_reg__parameterized1' (0#1) [C:/Users/Administrator/Desktop/final_lab5/pl-src/pl_reg.v:1]
INFO: [Synth 8-6157] synthesizing module 'pl_reg__parameterized2' [C:/Users/Administrator/Desktop/final_lab5/pl-src/pl_reg.v:1]
	Parameter WIDTH bound to: 136 - type: integer 
INFO: [Synth 8-6155] done synthesizing module 'pl_reg__parameterized2' (0#1) [C:/Users/Administrator/Desktop/final_lab5/pl-src/pl_reg.v:1]
INFO: [Synth 8-6155] done synthesizing module 'PLCPU' (0#1) [C:/Users/Administrator/Desktop/final_lab5/pl-src/PLCPU.v:2]
INFO: [Synth 8-6157] synthesizing module 'dm_sort' [C:/Users/Administrator/Desktop/final_lab5/pl-src/dm_sort.v:2]
INFO: [Synth 8-6155] done synthesizing module 'dm_sort' (0#1) [C:/Users/Administrator/Desktop/final_lab5/pl-src/dm_sort.v:2]
INFO: [Synth 8-6157] synthesizing module 'im_sort' [C:/Users/Administrator/Desktop/final_lab5/pl-src/im_sort.v:1]
INFO: [Synth 8-3876] $readmem data file 'rv32_sid_sort_sim_pl.dat' is read successfully [C:/Users/Administrator/Desktop/final_lab5/pl-src/im_sort.v:6]
INFO: [Synth 8-6155] done synthesizing module 'im_sort' (0#1) [C:/Users/Administrator/Desktop/final_lab5/pl-src/im_sort.v:1]
INFO: [Synth 8-6155] done synthesizing module 'plcomp_sort' (0#1) [C:/Users/Administrator/Desktop/final_lab5/pl-src/plcomp_sort.v:2]
INFO: [Synth 8-6157] synthesizing module 'scan_7seg' [C:/Users/Administrator/Desktop/final_lab5/src/scan_7seg.v:3]
	Parameter SCAN_DIV_BITS bound to: 15 - type: integer 
INFO: [Synth 8-226] default block is never used [C:/Users/Administrator/Desktop/final_lab5/src/scan_7seg.v:35]
INFO: [Synth 8-6157] synthesizing module 'hex_to_7seg' [C:/Users/Administrator/Desktop/final_lab5/src/hex_to_7seg.v:3]
INFO: [Synth 8-226] default block is never used [C:/Users/Administrator/Desktop/final_lab5/src/hex_to_7seg.v:9]
INFO: [Synth 8-6155] done synthesizing module 'hex_to_7seg' (0#1) [C:/Users/Administrator/Desktop/final_lab5/src/hex_to_7seg.v:3]
INFO: [Synth 8-6155] done synthesizing module 'scan_7seg' (0#1) [C:/Users/Administrator/Desktop/final_lab5/src/scan_7seg.v:3]
INFO: [Synth 8-6155] done synthesizing module 'board_number_demo_pl' (0#1) [C:/Users/Administrator/Desktop/final_lab5/src/board_number_demo_pl.v:3]
WARNING: [Synth 8-7137] Register rf_reg[0] in module RF has both Set and reset with same priority. This may cause simulation mismatches. Consider rewriting code  [C:/Users/Administrator/Desktop/final_lab5/pl-src/RF.v:18]
WARNING: [Synth 8-7129] Port addr[31] in module dm_sort is either unconnected or has no load
WARNING: [Synth 8-7129] Port addr[30] in module dm_sort is either unconnected or has no load
WARNING: [Synth 8-7129] Port addr[29] in module dm_sort is either unconnected or has no load
WARNING: [Synth 8-7129] Port addr[28] in module dm_sort is either unconnected or has no load
WARNING: [Synth 8-7129] Port addr[27] in module dm_sort is either unconnected or has no load
WARNING: [Synth 8-7129] Port addr[26] in module dm_sort is either unconnected or has no load
WARNING: [Synth 8-7129] Port addr[25] in module dm_sort is either unconnected or has no load
WARNING: [Synth 8-7129] Port addr[24] in module dm_sort is either unconnected or has no load
WARNING: [Synth 8-7129] Port addr[23] in module dm_sort is either unconnected or has no load
WARNING: [Synth 8-7129] Port addr[22] in module dm_sort is either unconnected or has no load
WARNING: [Synth 8-7129] Port addr[21] in module dm_sort is either unconnected or has no load
WARNING: [Synth 8-7129] Port addr[20] in module dm_sort is either unconnected or has no load
WARNING: [Synth 8-7129] Port addr[19] in module dm_sort is either unconnected or has no load
WARNING: [Synth 8-7129] Port addr[18] in module dm_sort is either unconnected or has no load
WARNING: [Synth 8-7129] Port addr[17] in module dm_sort is either unconnected or has no load
WARNING: [Synth 8-7129] Port addr[16] in module dm_sort is either unconnected or has no load
WARNING: [Synth 8-7129] Port addr[15] in module dm_sort is either unconnected or has no load
WARNING: [Synth 8-7129] Port addr[14] in module dm_sort is either unconnected or has no load
WARNING: [Synth 8-7129] Port addr[13] in module dm_sort is either unconnected or has no load
WARNING: [Synth 8-7129] Port addr[12] in module dm_sort is either unconnected or has no load
WARNING: [Synth 8-7129] Port addr[11] in module dm_sort is either unconnected or has no load
WARNING: [Synth 8-7129] Port addr[10] in module dm_sort is either unconnected or has no load
WARNING: [Synth 8-7129] Port addr[9] in module dm_sort is either unconnected or has no load
WARNING: [Synth 8-7129] Port addr[1] in module dm_sort is either unconnected or has no load
WARNING: [Synth 8-7129] Port addr[0] in module dm_sort is either unconnected or has no load
WARNING: [Synth 8-7129] Port Zero in module ctrl is either unconnected or has no load
---------------------------------------------------------------------------------
Finished RTL Elaboration : Time (s): cpu = 00:00:07 ; elapsed = 00:00:09 . Memory (MB): peak = 1432.094 ; gain = 678.234
---------------------------------------------------------------------------------
---------------------------------------------------------------------------------
Start Handling Custom Attributes
---------------------------------------------------------------------------------
---------------------------------------------------------------------------------
Finished Handling Custom Attributes : Time (s): cpu = 00:00:07 ; elapsed = 00:00:09 . Memory (MB): peak = 1432.094 ; gain = 678.234
---------------------------------------------------------------------------------
---------------------------------------------------------------------------------
Finished RTL Optimization Phase 1 : Time (s): cpu = 00:00:07 ; elapsed = 00:00:09 . Memory (MB): peak = 1432.094 ; gain = 678.234
---------------------------------------------------------------------------------
Netlist sorting complete. Time (s): cpu = 00:00:00 ; elapsed = 00:00:00.077 . Memory (MB): peak = 1432.094 ; gain = 0.000
INFO: [Project 1-570] Preparing netlist for logic optimization

Processing XDC Constraints
Initializing timing engine
Parsing XDC File [C:/Users/Administrator/Desktop/final_lab5/constraints/Nexys4DDR_SortDemo.xdc]
Finished Parsing XDC File [C:/Users/Administrator/Desktop/final_lab5/constraints/Nexys4DDR_SortDemo.xdc]
INFO: [Project 1-236] Implementation specific constraints were found while reading constraint file [C:/Users/Administrator/Desktop/final_lab5/constraints/Nexys4DDR_SortDemo.xdc]. These constraints will be ignored for synthesis but will be used in implementation. Impacted constraints are listed in the file [.Xil/board_number_demo_pl_propImpl.xdc].
Resolution: To avoid this warning, move constraints listed in [.Xil/board_number_demo_pl_propImpl.xdc] to another XDC file and exclude this new file from synthesis with the used_in_synthesis property (File Properties dialog in GUI) and re-run elaboration/synthesis.
Completed Processing XDC Constraints

Netlist sorting complete. Time (s): cpu = 00:00:00 ; elapsed = 00:00:00.004 . Memory (MB): peak = 1506.730 ; gain = 0.000
INFO: [Project 1-111] Unisim Transformation Summary:
No Unisim elements were transformed.

Constraint Validation Runtime : Time (s): cpu = 00:00:00 ; elapsed = 00:00:00.070 . Memory (MB): peak = 1506.730 ; gain = 0.000
---------------------------------------------------------------------------------
Finished Constraint Validation : Time (s): cpu = 00:00:15 ; elapsed = 00:00:19 . Memory (MB): peak = 1506.730 ; gain = 752.871
---------------------------------------------------------------------------------
---------------------------------------------------------------------------------
Start Loading Part and Timing Information
---------------------------------------------------------------------------------
Loading part: xc7a100tcsg324-1
---------------------------------------------------------------------------------
Finished Loading Part and Timing Information : Time (s): cpu = 00:00:15 ; elapsed = 00:00:19 . Memory (MB): peak = 1506.730 ; gain = 752.871
---------------------------------------------------------------------------------
---------------------------------------------------------------------------------
Start Applying 'set_property' XDC Constraints
---------------------------------------------------------------------------------
---------------------------------------------------------------------------------
Finished applying 'set_property' XDC Constraints : Time (s): cpu = 00:00:16 ; elapsed = 00:00:19 . Memory (MB): peak = 1506.730 ; gain = 752.871
---------------------------------------------------------------------------------
WARNING: [Synth 8-327] inferring latch for variable 'WD_reg' [C:/Users/Administrator/Desktop/final_lab5/pl-src/PLCPU.v:129]
WARNING: [Synth 8-327] inferring latch for variable 'dout_reg' [C:/Users/Administrator/Desktop/final_lab5/pl-src/dm_sort.v:17]
---------------------------------------------------------------------------------
Finished RTL Optimization Phase 2 : Time (s): cpu = 00:00:16 ; elapsed = 00:00:21 . Memory (MB): peak = 1506.730 ; gain = 752.871
---------------------------------------------------------------------------------
---------------------------------------------------------------------------------
Start RTL Component Statistics 
---------------------------------------------------------------------------------
Detailed RTL Component Info : 
+---Adders : 
	   2 Input   32 Bit       Adders := 4     
	   3 Input   32 Bit       Adders := 1     
	   2 Input   20 Bit       Adders := 1     
	   2 Input    3 Bit       Adders := 1     
+---XORs : 
	   2 Input     32 Bit         XORs := 1     
+---Registers : 
	              194 Bit    Registers := 1     
	              146 Bit    Registers := 1     
	              136 Bit    Registers := 1     
	               64 Bit    Registers := 1     
	               32 Bit    Registers := 161   
	               20 Bit    Registers := 1     
	                3 Bit    Registers := 1     
	                1 Bit    Registers := 3     
+---Muxes : 
	   2 Input  194 Bit        Muxes := 1     
	   2 Input   64 Bit        Muxes := 1     
	   5 Input   32 Bit        Muxes := 1     
	   2 Input   32 Bit        Muxes := 9     
	   4 Input   32 Bit        Muxes := 1     
	 129 Input   32 Bit        Muxes := 1     
	   2 Input   20 Bit        Muxes := 1     
	   8 Input    8 Bit        Muxes := 1     
	   9 Input    6 Bit        Muxes := 1     
	   2 Input    5 Bit        Muxes := 1     
	   7 Input    4 Bit        Muxes := 1     
	   2 Input    1 Bit        Muxes := 34    
	   7 Input    1 Bit        Muxes := 1     
	   4 Input    1 Bit        Muxes := 1     
---------------------------------------------------------------------------------
Finished RTL Component Statistics 
---------------------------------------------------------------------------------
---------------------------------------------------------------------------------
Start Part Resource Summary
---------------------------------------------------------------------------------
Part Resources:
DSPs: 240 (col length:80)
BRAMs: 270 (col length: RAMB18 80 RAMB36 40)
---------------------------------------------------------------------------------
Finished Part Resource Summary
---------------------------------------------------------------------------------
---------------------------------------------------------------------------------
Start Cross Boundary and Area Optimization
---------------------------------------------------------------------------------
WARNING: [Synth 8-7129] Port addr[31] in module dm_sort is either unconnected or has no load
WARNING: [Synth 8-7129] Port addr[30] in module dm_sort is either unconnected or has no load
WARNING: [Synth 8-7129] Port addr[29] in module dm_sort is either unconnected or has no load
WARNING: [Synth 8-7129] Port addr[28] in module dm_sort is either unconnected or has no load
WARNING: [Synth 8-7129] Port addr[27] in module dm_sort is either unconnected or has no load
WARNING: [Synth 8-7129] Port addr[26] in module dm_sort is either unconnected or has no load
WARNING: [Synth 8-7129] Port addr[25] in module dm_sort is either unconnected or has no load
WARNING: [Synth 8-7129] Port addr[24] in module dm_sort is either unconnected or has no load
WARNING: [Synth 8-7129] Port addr[23] in module dm_sort is either unconnected or has no load
WARNING: [Synth 8-7129] Port addr[22] in module dm_sort is either unconnected or has no load
WARNING: [Synth 8-7129] Port addr[21] in module dm_sort is either unconnected or has no load
WARNING: [Synth 8-7129] Port addr[20] in module dm_sort is either unconnected or has no load
WARNING: [Synth 8-7129] Port addr[19] in module dm_sort is either unconnected or has no load
WARNING: [Synth 8-7129] Port addr[18] in module dm_sort is either unconnected or has no load
WARNING: [Synth 8-7129] Port addr[17] in module dm_sort is either unconnected or has no load
WARNING: [Synth 8-7129] Port addr[16] in module dm_sort is either unconnected or has no load
WARNING: [Synth 8-7129] Port addr[15] in module dm_sort is either unconnected or has no load
WARNING: [Synth 8-7129] Port addr[14] in module dm_sort is either unconnected or has no load
WARNING: [Synth 8-7129] Port addr[13] in module dm_sort is either unconnected or has no load
WARNING: [Synth 8-7129] Port addr[12] in module dm_sort is either unconnected or has no load
WARNING: [Synth 8-7129] Port addr[11] in module dm_sort is either unconnected or has no load
WARNING: [Synth 8-7129] Port addr[10] in module dm_sort is either unconnected or has no load
WARNING: [Synth 8-7129] Port addr[9] in module dm_sort is either unconnected or has no load
WARNING: [Synth 8-7129] Port addr[1] in module dm_sort is either unconnected or has no load
WARNING: [Synth 8-7129] Port addr[0] in module dm_sort is either unconnected or has no load
WARNING: [Synth 8-7129] Port Zero in module ctrl is either unconnected or has no load
---------------------------------------------------------------------------------
Finished Cross Boundary and Area Optimization : Time (s): cpu = 00:00:32 ; elapsed = 00:00:38 . Memory (MB): peak = 1588.438 ; gain = 834.578
---------------------------------------------------------------------------------
---------------------------------------------------------------------------------
Start Applying XDC Timing Constraints
---------------------------------------------------------------------------------
---------------------------------------------------------------------------------
Finished Applying XDC Timing Constraints : Time (s): cpu = 00:00:36 ; elapsed = 00:00:43 . Memory (MB): peak = 1651.715 ; gain = 897.855
---------------------------------------------------------------------------------
---------------------------------------------------------------------------------
Start Timing Optimization
---------------------------------------------------------------------------------
---------------------------------------------------------------------------------
Finished Timing Optimization : Time (s): cpu = 00:00:41 ; elapsed = 00:00:48 . Memory (MB): peak = 1715.254 ; gain = 961.395
---------------------------------------------------------------------------------
---------------------------------------------------------------------------------
Start Technology Mapping
---------------------------------------------------------------------------------
---------------------------------------------------------------------------------
Finished Technology Mapping : Time (s): cpu = 00:00:44 ; elapsed = 00:00:51 . Memory (MB): peak = 1715.254 ; gain = 961.395
---------------------------------------------------------------------------------
---------------------------------------------------------------------------------
Start IO Insertion
---------------------------------------------------------------------------------
---------------------------------------------------------------------------------
Start Flattening Before IO Insertion
---------------------------------------------------------------------------------
---------------------------------------------------------------------------------
Finished Flattening Before IO Insertion
---------------------------------------------------------------------------------
---------------------------------------------------------------------------------
Start Final Netlist Cleanup
---------------------------------------------------------------------------------
---------------------------------------------------------------------------------
Finished Final Netlist Cleanup
---------------------------------------------------------------------------------
---------------------------------------------------------------------------------
Finished IO Insertion : Time (s): cpu = 00:00:48 ; elapsed = 00:00:55 . Memory (MB): peak = 1923.719 ; gain = 1169.859
---------------------------------------------------------------------------------
---------------------------------------------------------------------------------
Start Renaming Generated Instances
---------------------------------------------------------------------------------
---------------------------------------------------------------------------------
Finished Renaming Generated Instances : Time (s): cpu = 00:00:48 ; elapsed = 00:00:55 . Memory (MB): peak = 1923.719 ; gain = 1169.859
---------------------------------------------------------------------------------
---------------------------------------------------------------------------------
Start Rebuilding User Hierarchy
---------------------------------------------------------------------------------
---------------------------------------------------------------------------------
Finished Rebuilding User Hierarchy : Time (s): cpu = 00:00:48 ; elapsed = 00:00:55 . Memory (MB): peak = 1923.719 ; gain = 1169.859
---------------------------------------------------------------------------------
---------------------------------------------------------------------------------
Start Renaming Generated Ports
---------------------------------------------------------------------------------
---------------------------------------------------------------------------------
Finished Renaming Generated Ports : Time (s): cpu = 00:00:48 ; elapsed = 00:00:56 . Memory (MB): peak = 1923.719 ; gain = 1169.859
---------------------------------------------------------------------------------
---------------------------------------------------------------------------------
Start Handling Custom Attributes
---------------------------------------------------------------------------------
---------------------------------------------------------------------------------
Finished Handling Custom Attributes : Time (s): cpu = 00:00:49 ; elapsed = 00:00:56 . Memory (MB): peak = 1923.719 ; gain = 1169.859
---------------------------------------------------------------------------------
---------------------------------------------------------------------------------
Start Renaming Generated Nets
---------------------------------------------------------------------------------
---------------------------------------------------------------------------------
Finished Renaming Generated Nets : Time (s): cpu = 00:00:49 ; elapsed = 00:00:56 . Memory (MB): peak = 1923.719 ; gain = 1169.859
---------------------------------------------------------------------------------
---------------------------------------------------------------------------------
Start Writing Synthesis Report
---------------------------------------------------------------------------------

Report BlackBoxes: 
+-+--------------+----------+
| |BlackBox name |Instances |
+-+--------------+----------+
+-+--------------+----------+

Report Cell Usage: 
+------+-------+------+
|      |Cell   |Count |
+------+-------+------+
|1     |BUFG   |     3|
|2     |CARRY4 |    64|
|3     |LUT1   |    29|
|4     |LUT2   |   167|
|5     |LUT3   |   128|
|6     |LUT4   |   199|
|7     |LUT5   |   394|
|8     |LUT6   |  1996|
|9     |MUXF7  |   690|
|10    |MUXF8  |   256|
|11    |FDCE   |   977|
|12    |FDRE   |  4096|
|13    |LD     |    64|
|14    |IBUF   |    19|
|15    |OBUF   |    32|
+------+-------+------+
---------------------------------------------------------------------------------
Finished Writing Synthesis Report : Time (s): cpu = 00:00:49 ; elapsed = 00:00:56 . Memory (MB): peak = 1923.719 ; gain = 1169.859
---------------------------------------------------------------------------------
Synthesis finished with 0 errors, 0 critical warnings and 28 warnings.
Synthesis Optimization Runtime : Time (s): cpu = 00:00:39 ; elapsed = 00:00:52 . Memory (MB): peak = 1923.719 ; gain = 1095.223
Synthesis Optimization Complete : Time (s): cpu = 00:00:49 ; elapsed = 00:00:56 . Memory (MB): peak = 1923.719 ; gain = 1169.859
INFO: [Project 1-571] Translating synthesized netlist
Netlist sorting complete. Time (s): cpu = 00:00:00 ; elapsed = 00:00:00.078 . Memory (MB): peak = 1932.898 ; gain = 0.000
INFO: [Netlist 29-17] Analyzing 1074 Unisim elements for replacement
INFO: [Netlist 29-28] Unisim Transformation completed in 1 CPU seconds
INFO: [Project 1-570] Preparing netlist for logic optimization
Parsing XDC File [C:/Users/Administrator/Desktop/final_lab5/constraints/Nexys4DDR_SortDemo.xdc]
Finished Parsing XDC File [C:/Users/Administrator/Desktop/final_lab5/constraints/Nexys4DDR_SortDemo.xdc]
INFO: [Opt 31-138] Pushed 0 inverter(s) to 0 load pin(s).
Netlist sorting complete. Time (s): cpu = 00:00:00 ; elapsed = 00:00:00.003 . Memory (MB): peak = 1936.645 ; gain = 0.000
INFO: [Project 1-111] Unisim Transformation Summary:
  A total of 64 instances were transformed.
  LD => LDCE: 64 instances

Synth Design complete | Checksum: cb45bd90
INFO: [Common 17-83] Releasing license: Synthesis
57 Infos, 56 Warnings, 0 Critical Warnings and 0 Errors encountered.
synth_design completed successfully
synth_design: Time (s): cpu = 00:00:55 ; elapsed = 00:01:15 . Memory (MB): peak = 1936.645 ; gain = 1387.262
# opt_design
Command: opt_design
Attempting to get a license for feature 'Implementation' and/or device 'xc7a100t'
INFO: [Common 17-349] Got license for feature 'Implementation' and/or device 'xc7a100t'
Running DRC as a precondition to command opt_design

Starting DRC Task
INFO: [DRC 23-27] Running DRC with 2 threads
INFO: [Project 1-461] DRC finished with 0 Errors
INFO: [Project 1-462] Please refer to the DRC report (report_drc) for more information.

Time (s): cpu = 00:00:01 ; elapsed = 00:00:01 . Memory (MB): peak = 1936.645 ; gain = 0.000

Starting Cache Timing Information Task
INFO: [Timing 38-35] Done setting XDC timing constraints.
Ending Cache Timing Information Task | Checksum: 234f31af9

Time (s): cpu = 00:00:05 ; elapsed = 00:00:06 . Memory (MB): peak = 1936.645 ; gain = 0.000

Starting Logic Optimization Task

Phase 1 Initialization

Phase 1.1 Core Generation And Design Setup
Phase 1.1 Core Generation And Design Setup | Checksum: 234f31af9

Time (s): cpu = 00:00:00 ; elapsed = 00:00:00.009 . Memory (MB): peak = 2070.211 ; gain = 0.000

Phase 1.2 Setup Constraints And Sort Netlist
Phase 1.2 Setup Constraints And Sort Netlist | Checksum: 234f31af9

Time (s): cpu = 00:00:00 ; elapsed = 00:00:00.018 . Memory (MB): peak = 2070.211 ; gain = 0.000
Phase 1 Initialization | Checksum: 234f31af9

Time (s): cpu = 00:00:00 ; elapsed = 00:00:00.019 . Memory (MB): peak = 2070.211 ; gain = 0.000

Phase 2 Timer Update And Timing Data Collection

Phase 2.1 Detect if minReqCache needed
Phase 2.1 Detect if minReqCache needed | Checksum: 234f31af9

Time (s): cpu = 00:00:00 ; elapsed = 00:00:00.046 . Memory (MB): peak = 2070.312 ; gain = 0.102

Phase 2.2 Timer Update
Phase 2.2 Timer Update | Checksum: 234f31af9

Time (s): cpu = 00:00:00 ; elapsed = 00:00:00.202 . Memory (MB): peak = 2070.312 ; gain = 0.102

Phase 2.3 Timing Data Collection
Phase 2.3 Timing Data Collection | Checksum: 234f31af9

Time (s): cpu = 00:00:00 ; elapsed = 00:00:00.211 . Memory (MB): peak = 2070.312 ; gain = 0.102
Phase 2 Timer Update And Timing Data Collection | Checksum: 234f31af9

Time (s): cpu = 00:00:00 ; elapsed = 00:00:00.213 . Memory (MB): peak = 2070.312 ; gain = 0.102

Phase 3 Retarget
INFO: [Opt 31-1851] Number of loadless carry chains removed were: 0
INFO: [Opt 31-1834] Total Chains To Be Transformed Were: 0 AND Number of Transformed insts Created are: 0
INFO: [Opt 31-1566] Pulled 24 inverters resulting in an inversion of 286 pins
INFO: [Opt 31-138] Pushed 1 inverter(s) to 456 load pin(s).
INFO: [Opt 31-49] Retargeted 0 cell(s).
Phase 3 Retarget | Checksum: 2c504c3aa

Time (s): cpu = 00:00:01 ; elapsed = 00:00:00.394 . Memory (MB): peak = 2070.312 ; gain = 0.102
Retarget | Checksum: 2c504c3aa
INFO: [Opt 31-389] Phase Retarget created 0 cells and removed 25 cells

Phase 4 Constant propagation
INFO: [Opt 31-138] Pushed 0 inverter(s) to 0 load pin(s).
Phase 4 Constant propagation | Checksum: 2b83b29f9

Time (s): cpu = 00:00:01 ; elapsed = 00:00:00.463 . Memory (MB): peak = 2070.312 ; gain = 0.102
Constant propagation | Checksum: 2b83b29f9
INFO: [Opt 31-389] Phase Constant propagation created 0 cells and removed 0 cells

Phase 5 Sweep
INFO: [Constraints 18-11670] Building netlist checker database with flags, 0x8
Done building netlist checker database: Time (s): cpu = 00:00:00 ; elapsed = 00:00:00.002 . Memory (MB): peak = 2070.312 ; gain = 0.000
Phase 5 Sweep | Checksum: 1e14440e9

Time (s): cpu = 00:00:01 ; elapsed = 00:00:00.541 . Memory (MB): peak = 2070.312 ; gain = 0.102
Sweep | Checksum: 1e14440e9
INFO: [Opt 31-389] Phase Sweep created 0 cells and removed 0 cells

Phase 6 BUFG optimization
Phase 6 BUFG optimization | Checksum: 1e14440e9

Time (s): cpu = 00:00:01 ; elapsed = 00:00:00.610 . Memory (MB): peak = 2070.312 ; gain = 0.102
BUFG optimization | Checksum: 1e14440e9
INFO: [Opt 31-662] Phase BUFG optimization created 0 cells of which 0 are BUFGs and removed 0 cells.

Phase 7 Shift Register Optimization
INFO: [Opt 31-1064] SRL Remap converted 0 SRLs to 0 registers and converted 0 registers of register chains to 0 SRLs
Phase 7 Shift Register Optimization | Checksum: 1e14440e9

Time (s): cpu = 00:00:01 ; elapsed = 00:00:00.630 . Memory (MB): peak = 2070.312 ; gain = 0.102
Shift Register Optimization | Checksum: 1e14440e9
INFO: [Opt 31-389] Phase Shift Register Optimization created 0 cells and removed 0 cells

Phase 8 Post Processing Netlist
Phase 8 Post Processing Netlist | Checksum: 1e14440e9

Time (s): cpu = 00:00:01 ; elapsed = 00:00:00.657 . Memory (MB): peak = 2070.312 ; gain = 0.102
Post Processing Netlist | Checksum: 1e14440e9
INFO: [Opt 31-389] Phase Post Processing Netlist created 0 cells and removed 0 cells

Phase 9 Finalization

Phase 9.1 Finalizing Design Cores and Updating Shapes
Phase 9.1 Finalizing Design Cores and Updating Shapes | Checksum: 2b6a8c605

Time (s): cpu = 00:00:01 ; elapsed = 00:00:00.698 . Memory (MB): peak = 2070.312 ; gain = 0.102

Phase 9.2 Verifying Netlist Connectivity

Starting Connectivity Check Task

Time (s): cpu = 00:00:00 ; elapsed = 00:00:00.029 . Memory (MB): peak = 2070.312 ; gain = 0.000
Phase 9.2 Verifying Netlist Connectivity | Checksum: 2b6a8c605

Time (s): cpu = 00:00:01 ; elapsed = 00:00:00.730 . Memory (MB): peak = 2070.312 ; gain = 0.102
Phase 9 Finalization | Checksum: 2b6a8c605

Time (s): cpu = 00:00:01 ; elapsed = 00:00:00.732 . Memory (MB): peak = 2070.312 ; gain = 0.102
Opt_design Change Summary
=========================


-------------------------------------------------------------------------------------------------------------------------
|  Phase                        |  #Cells created  |  #Cells Removed  |  #Constrained objects preventing optimizations  |
-------------------------------------------------------------------------------------------------------------------------
|  Retarget                     |               0  |              25  |                                              0  |
|  Constant propagation         |               0  |               0  |                                              0  |
|  Sweep                        |               0  |               0  |                                              0  |
|  BUFG optimization            |               0  |               0  |                                              0  |
|  Shift Register Optimization  |               0  |               0  |                                              0  |
|  Post Processing Netlist      |               0  |               0  |                                              0  |
-------------------------------------------------------------------------------------------------------------------------


Ending Logic Optimization Task | Checksum: 2b6a8c605

Time (s): cpu = 00:00:01 ; elapsed = 00:00:00.738 . Memory (MB): peak = 2070.312 ; gain = 0.102

Starting Power Optimization Task
INFO: [Pwropt 34-132] Skipping clock gating for clocks with a period < 2.00 ns.
Ending Power Optimization Task | Checksum: 2b6a8c605

Time (s): cpu = 00:00:00 ; elapsed = 00:00:00.039 . Memory (MB): peak = 2070.312 ; gain = 0.000

Starting Final Cleanup Task
Ending Final Cleanup Task | Checksum: 2b6a8c605

Time (s): cpu = 00:00:00 ; elapsed = 00:00:00.002 . Memory (MB): peak = 2070.312 ; gain = 0.000
Netlist sorting complete. Time (s): cpu = 00:00:00 ; elapsed = 00:00:00.005 . Memory (MB): peak = 2070.312 ; gain = 0.000
INFO: [Common 17-83] Releasing license: Implementation
21 Infos, 0 Warnings, 0 Critical Warnings and 0 Errors encountered.
opt_design completed successfully
opt_design: Time (s): cpu = 00:00:10 ; elapsed = 00:00:12 . Memory (MB): peak = 2070.312 ; gain = 133.668
# place_design
Command: place_design
Attempting to get a license for feature 'Implementation' and/or device 'xc7a100t'
INFO: [Common 17-349] Got license for feature 'Implementation' and/or device 'xc7a100t'
INFO: [Common 17-83] Releasing license: Implementation
INFO: [DRC 23-27] Running DRC with 2 threads
INFO: [Vivado_Tcl 4-198] DRC finished with 0 Errors
INFO: [Vivado_Tcl 4-199] Please refer to the DRC report (report_drc) for more information.
INFO: [Timing 38-35] Done setting XDC timing constraints.
Running DRC as a precondition to command place_design
INFO: [DRC 23-27] Running DRC with 2 threads
INFO: [Vivado_Tcl 4-198] DRC finished with 0 Errors
INFO: [Vivado_Tcl 4-199] Please refer to the DRC report (report_drc) for more information.
INFO: [Place 30-611] Multithreading enabled for place_design using a maximum of 2 CPUs

Starting Placer Task

Phase 1 Placer Initialization

Phase 1.1 Placer Initialization Netlist Sorting
Netlist sorting complete. Time (s): cpu = 00:00:00 ; elapsed = 00:00:00.005 . Memory (MB): peak = 2070.312 ; gain = 0.000
Phase 1.1 Placer Initialization Netlist Sorting | Checksum: 1fe9646e9

Time (s): cpu = 00:00:00 ; elapsed = 00:00:00.012 . Memory (MB): peak = 2070.312 ; gain = 0.000
Netlist sorting complete. Time (s): cpu = 00:00:00 ; elapsed = 00:00:00.003 . Memory (MB): peak = 2070.312 ; gain = 0.000

Phase 1.2 IO Placement/ Clock Placement/ Build Placer Device
Phase 1.2 IO Placement/ Clock Placement/ Build Placer Device | Checksum: 15a406fff

Time (s): cpu = 00:00:01 ; elapsed = 00:00:00.905 . Memory (MB): peak = 2070.312 ; gain = 0.000

Phase 1.3 Build Placer Netlist Model
Phase 1.3 Build Placer Netlist Model | Checksum: 21e7c554b

Time (s): cpu = 00:00:03 ; elapsed = 00:00:02 . Memory (MB): peak = 2070.312 ; gain = 0.000

Phase 1.4 Constrain Clocks/Macros
Phase 1.4 Constrain Clocks/Macros | Checksum: 21e7c554b

Time (s): cpu = 00:00:03 ; elapsed = 00:00:02 . Memory (MB): peak = 2070.312 ; gain = 0.000
Phase 1 Placer Initialization | Checksum: 21e7c554b

Time (s): cpu = 00:00:03 ; elapsed = 00:00:02 . Memory (MB): peak = 2070.312 ; gain = 0.000

Phase 2 Global Placement

Phase 2.1 Floorplanning
Phase 2.1 Floorplanning | Checksum: 23d135766

Time (s): cpu = 00:00:04 ; elapsed = 00:00:03 . Memory (MB): peak = 2070.312 ; gain = 0.000

Phase 2.2 Update Timing before SLR Path Opt
Phase 2.2 Update Timing before SLR Path Opt | Checksum: 1cd43972b

Time (s): cpu = 00:00:05 ; elapsed = 00:00:03 . Memory (MB): peak = 2070.312 ; gain = 0.000

Phase 2.3 Post-Processing in Floorplanning
Phase 2.3 Post-Processing in Floorplanning | Checksum: 1cd43972b

Time (s): cpu = 00:00:05 ; elapsed = 00:00:03 . Memory (MB): peak = 2070.312 ; gain = 0.000

Phase 2.4 Global Place Phase1
Phase 2.4 Global Place Phase1 | Checksum: 1d06ed351

Time (s): cpu = 00:00:09 ; elapsed = 00:00:06 . Memory (MB): peak = 2070.312 ; gain = 0.000

Phase 2.5 Global Place Phase2

Phase 2.5.1 UpdateTiming Before Physical Synthesis
Phase 2.5.1 UpdateTiming Before Physical Synthesis | Checksum: 1df902583

Time (s): cpu = 00:00:10 ; elapsed = 00:00:07 . Memory (MB): peak = 2070.312 ; gain = 0.000

Phase 2.5.2 Physical Synthesis In Placer
INFO: [Physopt 32-1035] Found 0 LUTNM shape to break, 4 LUT instances to create LUTNM shape
INFO: [Physopt 32-1044] Break lutnm for timing: one critical 0, two critical 0, total 0, new lutff created 0
INFO: [Physopt 32-1138] End 1 Pass. Optimized 2 nets or LUTs. Breaked 0 LUT, combined 2 existing LUTs and moved 0 existing LUT
INFO: [Physopt 32-65] No nets found for high-fanout optimization.
INFO: [Physopt 32-232] Optimized 0 net. Created 0 new instance.
INFO: [Physopt 32-775] End 1 Pass. Optimized 0 net or cell. Created 0 new cell, deleted 0 existing cell and moved 0 existing cell
INFO: [Physopt 32-670] No setup violation found.  DSP Register Optimization was not performed.
INFO: [Physopt 32-670] No setup violation found.  Shift Register to Pipeline Optimization was not performed.
INFO: [Physopt 32-670] No setup violation found.  Shift Register Optimization was not performed.
INFO: [Physopt 32-670] No setup violation found.  BRAM Register Optimization was not performed.
INFO: [Physopt 32-670] No setup violation found.  URAM Register Optimization was not performed.
INFO: [Physopt 32-949] No candidate nets found for dynamic/static region interface net replication
INFO: [Physopt 32-775] End 1 Pass. Optimized 0 net or cell. Created 0 new cell, deleted 0 existing cell and moved 0 existing cell
Netlist sorting complete. Time (s): cpu = 00:00:00 ; elapsed = 00:00:00.005 . Memory (MB): peak = 2070.312 ; gain = 0.000

Summary of Physical Synthesis Optimizations
============================================


-----------------------------------------------------------------------------------------------------------------------------------------------------------
|  Optimization                                     |  Added Cells  |  Removed Cells  |  Optimized Cells/Nets  |  Dont Touch  |  Iterations  |  Elapsed   |
-----------------------------------------------------------------------------------------------------------------------------------------------------------
|  LUT Combining                                    |            0  |              2  |                     2  |           0  |           1  |  00:00:00  |
|  Retime                                           |            0  |              0  |                     0  |           0  |           1  |  00:00:00  |
|  Very High Fanout                                 |            0  |              0  |                     0  |           0  |           1  |  00:00:00  |
|  DSP Register                                     |            0  |              0  |                     0  |           0  |           0  |  00:00:00  |
|  Shift Register to Pipeline                       |            0  |              0  |                     0  |           0  |           0  |  00:00:00  |
|  Shift Register                                   |            0  |              0  |                     0  |           0  |           0  |  00:00:00  |
|  BRAM Register                                    |            0  |              0  |                     0  |           0  |           0  |  00:00:00  |
|  URAM Register                                    |            0  |              0  |                     0  |           0  |           0  |  00:00:00  |
|  Dynamic/Static Region Interface Net Replication  |            0  |              0  |                     0  |           0  |           1  |  00:00:00  |
|  Total                                            |            0  |              2  |                     2  |           0  |           4  |  00:00:00  |
-----------------------------------------------------------------------------------------------------------------------------------------------------------


Phase 2.5.2 Physical Synthesis In Placer | Checksum: 239ac34fa

Time (s): cpu = 00:00:11 ; elapsed = 00:00:08 . Memory (MB): peak = 2070.312 ; gain = 0.000
Phase 2.5 Global Place Phase2 | Checksum: 2b7cd34a8

Time (s): cpu = 00:00:12 ; elapsed = 00:00:08 . Memory (MB): peak = 2070.312 ; gain = 0.000
Phase 2 Global Placement | Checksum: 2b7cd34a8

Time (s): cpu = 00:00:12 ; elapsed = 00:00:08 . Memory (MB): peak = 2070.312 ; gain = 0.000

Phase 3 Detail Placement

Phase 3.1 Commit Multi Column Macros
Phase 3.1 Commit Multi Column Macros | Checksum: 295d9de45

Time (s): cpu = 00:00:12 ; elapsed = 00:00:08 . Memory (MB): peak = 2070.312 ; gain = 0.000

Phase 3.2 Commit Most Macros & LUTRAMs
Phase 3.2 Commit Most Macros & LUTRAMs | Checksum: 2c6724183

Time (s): cpu = 00:00:13 ; elapsed = 00:00:09 . Memory (MB): peak = 2070.312 ; gain = 0.000

Phase 3.3 Area Swap Optimization
Phase 3.3 Area Swap Optimization | Checksum: 326db16a6

Time (s): cpu = 00:00:14 ; elapsed = 00:00:09 . Memory (MB): peak = 2070.312 ; gain = 0.000

Phase 3.4 Pipeline Register Optimization
Phase 3.4 Pipeline Register Optimization | Checksum: 2cfedd4b1

Time (s): cpu = 00:00:14 ; elapsed = 00:00:09 . Memory (MB): peak = 2070.312 ; gain = 0.000

Phase 3.5 Small Shape Detail Placement
Phase 3.5 Small Shape Detail Placement | Checksum: 32e2b44b0

Time (s): cpu = 00:00:20 ; elapsed = 00:00:16 . Memory (MB): peak = 2070.312 ; gain = 0.000

Phase 3.6 Re-assign LUT pins
Phase 3.6 Re-assign LUT pins | Checksum: 2f0a7eae6

Time (s): cpu = 00:00:20 ; elapsed = 00:00:17 . Memory (MB): peak = 2070.312 ; gain = 0.000

Phase 3.7 Pipeline Register Optimization
Phase 3.7 Pipeline Register Optimization | Checksum: 247957cf3

Time (s): cpu = 00:00:20 ; elapsed = 00:00:17 . Memory (MB): peak = 2070.312 ; gain = 0.000
Phase 3 Detail Placement | Checksum: 247957cf3

Time (s): cpu = 00:00:21 ; elapsed = 00:00:17 . Memory (MB): peak = 2070.312 ; gain = 0.000

Phase 4 Post Placement Optimization and Clean-Up

Phase 4.1 Post Commit Optimization
INFO: [Timing 38-35] Done setting XDC timing constraints.

Phase 4.1.1 Post Placement Optimization
Post Placement Optimization Initialization | Checksum: 2cbe50fa4

Phase 4.1.1.1 BUFG Insertion

Starting Physical Synthesis Task

Phase 1 Physical Synthesis Initialization
INFO: [Physopt 32-721] Multithreading enabled for phys_opt_design using a maximum of 2 CPUs
INFO: [Physopt 32-619] Estimated Timing Summary | WNS=3.853 | TNS=0.000 |
Phase 1 Physical Synthesis Initialization | Checksum: 2149d0901

Time (s): cpu = 00:00:00 ; elapsed = 00:00:00.181 . Memory (MB): peak = 2070.312 ; gain = 0.000
INFO: [Place 46-56] BUFG insertion identified 0 candidate nets. Inserted BUFG: 0, Replicated BUFG Driver: 0, Skipped due to Placement/Routing Conflicts: 0, Skipped due to Timing Degradation: 0, Skipped due to netlist editing failed: 0.
Ending Physical Synthesis Task | Checksum: 293b54322

Time (s): cpu = 00:00:00 ; elapsed = 00:00:00.243 . Memory (MB): peak = 2070.312 ; gain = 0.000
Phase 4.1.1.1 BUFG Insertion | Checksum: 2cbe50fa4

Time (s): cpu = 00:00:23 ; elapsed = 00:00:19 . Memory (MB): peak = 2070.312 ; gain = 0.000

Phase 4.1.1.2 Post Placement Timing Optimization
INFO: [Place 30-746] Post Placement Timing Summary WNS=3.853. For the most accurate timing information please run report_timing.
Phase 4.1.1.2 Post Placement Timing Optimization | Checksum: 280e97e22

Time (s): cpu = 00:00:23 ; elapsed = 00:00:19 . Memory (MB): peak = 2070.312 ; gain = 0.000

Time (s): cpu = 00:00:23 ; elapsed = 00:00:19 . Memory (MB): peak = 2070.312 ; gain = 0.000
Phase 4.1 Post Commit Optimization | Checksum: 280e97e22

Time (s): cpu = 00:00:23 ; elapsed = 00:00:19 . Memory (MB): peak = 2070.312 ; gain = 0.000

Phase 4.2 Post Placement Cleanup
Phase 4.2 Post Placement Cleanup | Checksum: 280e97e22

Time (s): cpu = 00:00:24 ; elapsed = 00:00:19 . Memory (MB): peak = 2070.312 ; gain = 0.000

Phase 4.3 Placer Reporting

Phase 4.3.1 Print Estimated Congestion
INFO: [Place 30-612] Post-Placement Estimated Congestion 
 ____________________________________________________
|           | Global Congestion | Short Congestion  |
| Direction | Region Size       | Region Size       |
|___________|___________________|___________________|
|      North|                1x1|                1x1|
|___________|___________________|___________________|
|      South|                1x1|                1x1|
|___________|___________________|___________________|
|       East|                1x1|                1x1|
|___________|___________________|___________________|
|       West|                1x1|                1x1|
|___________|___________________|___________________|

Phase 4.3.1 Print Estimated Congestion | Checksum: 280e97e22

Time (s): cpu = 00:00:24 ; elapsed = 00:00:19 . Memory (MB): peak = 2070.312 ; gain = 0.000
Phase 4.3 Placer Reporting | Checksum: 280e97e22

Time (s): cpu = 00:00:24 ; elapsed = 00:00:19 . Memory (MB): peak = 2070.312 ; gain = 0.000

Phase 4.4 Final Placement Cleanup
Netlist sorting complete. Time (s): cpu = 00:00:00 ; elapsed = 00:00:00.004 . Memory (MB): peak = 2070.312 ; gain = 0.000

Time (s): cpu = 00:00:24 ; elapsed = 00:00:19 . Memory (MB): peak = 2070.312 ; gain = 0.000
Phase 4 Post Placement Optimization and Clean-Up | Checksum: 2c71ad3c0

Time (s): cpu = 00:00:24 ; elapsed = 00:00:19 . Memory (MB): peak = 2070.312 ; gain = 0.000
Ending Placer Task | Checksum: 221d419a4

Time (s): cpu = 00:00:24 ; elapsed = 00:00:19 . Memory (MB): peak = 2070.312 ; gain = 0.000
29 Infos, 0 Warnings, 0 Critical Warnings and 0 Errors encountered.
place_design completed successfully
place_design: Time (s): cpu = 00:00:26 ; elapsed = 00:00:21 . Memory (MB): peak = 2070.312 ; gain = 0.000
# route_design
Command: route_design
Attempting to get a license for feature 'Implementation' and/or device 'xc7a100t'
INFO: [Common 17-349] Got license for feature 'Implementation' and/or device 'xc7a100t'


Starting Routing Task
INFO: [Route 35-254] Multithreading enabled for route_design using a maximum of 2 CPUs

Phase 1 Build RT Design
Checksum: PlaceDB: bd882629 ConstDB: 0 ShapeSum: b27993e5 RouteDB: b1d25f96
Post Restoration Checksum: NetGraph: 89c7feea | NumContArr: 1caba9f | Constraints: c2a8fa9d | Timing: c2a8fa9d
Phase 1 Build RT Design | Checksum: 210e4aec3

Time (s): cpu = 00:00:32 ; elapsed = 00:00:29 . Memory (MB): peak = 2070.312 ; gain = 0.000

Phase 2 Router Initialization

Phase 2.1 Fix Topology Constraints
Phase 2.1 Fix Topology Constraints | Checksum: 210e4aec3

Time (s): cpu = 00:00:32 ; elapsed = 00:00:29 . Memory (MB): peak = 2070.312 ; gain = 0.000

Phase 2.2 Pre Route Cleanup
Phase 2.2 Pre Route Cleanup | Checksum: 210e4aec3

Time (s): cpu = 00:00:32 ; elapsed = 00:00:29 . Memory (MB): peak = 2070.312 ; gain = 0.000
 Number of Nodes with overlaps = 0

Phase 2.3 Update Timing
Phase 2.3 Update Timing | Checksum: 247ef6f05

Time (s): cpu = 00:00:36 ; elapsed = 00:00:31 . Memory (MB): peak = 2070.312 ; gain = 0.000
INFO: [Route 35-416] Intermediate Timing Summary | WNS=4.099  | TNS=0.000  | WHS=-0.135 | THS=-2.523 |


Phase 2.4 Soft Constraint Pins - Fast Budgeting
Phase 2.4 Soft Constraint Pins - Fast Budgeting | Checksum: 289b48920

Time (s): cpu = 00:00:37 ; elapsed = 00:00:32 . Memory (MB): peak = 2070.312 ; gain = 0.000

Router Utilization Summary
  Global Vertical Routing Utilization    = 0.000304652 %
  Global Horizontal Routing Utilization  = 0.000426257 %
  Routable Net Status*
  *Does not include unroutable nets such as driverless and loadless.
  Run report_route_status for detailed report.
  Number of Failed Nets               = 6842
    (Failed Nets is the sum of unrouted and partially routed nets)
  Number of Unrouted Nets             = 6839
  Number of Partially Routed Nets     = 3
  Number of Node Overlaps             = 2

Phase 2 Router Initialization | Checksum: 1d49095b4

Time (s): cpu = 00:00:38 ; elapsed = 00:00:33 . Memory (MB): peak = 2070.312 ; gain = 0.000

Phase 3 Global Routing
Phase 3 Global Routing | Checksum: 1d49095b4

Time (s): cpu = 00:00:38 ; elapsed = 00:00:33 . Memory (MB): peak = 2070.312 ; gain = 0.000

Phase 4 Initial Routing

Phase 4.1 Initial Net Routing Pass
Phase 4.1 Initial Net Routing Pass | Checksum: 2d1ed3b84

Time (s): cpu = 00:00:40 ; elapsed = 00:00:34 . Memory (MB): peak = 2070.312 ; gain = 0.000
Phase 4 Initial Routing | Checksum: 2d1ed3b84

Time (s): cpu = 00:00:40 ; elapsed = 00:00:34 . Memory (MB): peak = 2070.312 ; gain = 0.000

Phase 5 Rip-up And Reroute

Phase 5.1 Global Iteration 0
 Number of Nodes with overlaps = 1043
 Number of Nodes with overlaps = 124
 Number of Nodes with overlaps = 47
 Number of Nodes with overlaps = 22
 Number of Nodes with overlaps = 9
 Number of Nodes with overlaps = 1
 Number of Nodes with overlaps = 1
 Number of Nodes with overlaps = 1
 Number of Nodes with overlaps = 0
INFO: [Route 35-416] Intermediate Timing Summary | WNS=1.337  | TNS=0.000  | WHS=N/A    | THS=N/A    |

Phase 5.1 Global Iteration 0 | Checksum: 156f43276

Time (s): cpu = 00:00:46 ; elapsed = 00:00:39 . Memory (MB): peak = 2070.312 ; gain = 0.000
Phase 5 Rip-up And Reroute | Checksum: 156f43276

Time (s): cpu = 00:00:46 ; elapsed = 00:00:39 . Memory (MB): peak = 2070.312 ; gain = 0.000

Phase 6 Delay and Skew Optimization

Phase 6.1 Delay CleanUp

Phase 6.1.1 Update Timing
Phase 6.1.1 Update Timing | Checksum: 1aa281f7e

Time (s): cpu = 00:00:46 ; elapsed = 00:00:39 . Memory (MB): peak = 2070.312 ; gain = 0.000
INFO: [Route 35-416] Intermediate Timing Summary | WNS=1.417  | TNS=0.000  | WHS=N/A    | THS=N/A    |

Phase 6.1 Delay CleanUp | Checksum: 1aa281f7e

Time (s): cpu = 00:00:46 ; elapsed = 00:00:39 . Memory (MB): peak = 2070.312 ; gain = 0.000

Phase 6.2 Clock Skew Optimization
Phase 6.2 Clock Skew Optimization | Checksum: 1aa281f7e

Time (s): cpu = 00:00:46 ; elapsed = 00:00:39 . Memory (MB): peak = 2070.312 ; gain = 0.000
Phase 6 Delay and Skew Optimization | Checksum: 1aa281f7e

Time (s): cpu = 00:00:46 ; elapsed = 00:00:39 . Memory (MB): peak = 2070.312 ; gain = 0.000

Phase 7 Post Hold Fix

Phase 7.1 Hold Fix Iter
INFO: [Route 35-416] Intermediate Timing Summary | WNS=1.417  | TNS=0.000  | WHS=0.048  | THS=0.000  |

Phase 7.1 Hold Fix Iter | Checksum: 1be4def9b

Time (s): cpu = 00:00:47 ; elapsed = 00:00:39 . Memory (MB): peak = 2070.312 ; gain = 0.000
Phase 7 Post Hold Fix | Checksum: 1be4def9b

Time (s): cpu = 00:00:47 ; elapsed = 00:00:39 . Memory (MB): peak = 2070.312 ; gain = 0.000

Phase 8 Route finalize

Router Utilization Summary
  Global Vertical Routing Utilization    = 1.54032 %
  Global Horizontal Routing Utilization  = 1.85202 %
  Routable Net Status*
  *Does not include unroutable nets such as driverless and loadless.
  Run report_route_status for detailed report.
  Number of Failed Nets               = 0
    (Failed Nets is the sum of unrouted and partially routed nets)
  Number of Unrouted Nets             = 0
  Number of Partially Routed Nets     = 0
  Number of Node Overlaps             = 0

Phase 8 Route finalize | Checksum: 1be4def9b

Time (s): cpu = 00:00:47 ; elapsed = 00:00:39 . Memory (MB): peak = 2070.312 ; gain = 0.000

Phase 9 Verifying routed nets

 Verification completed successfully
Phase 9 Verifying routed nets | Checksum: 1be4def9b

Time (s): cpu = 00:00:47 ; elapsed = 00:00:39 . Memory (MB): peak = 2070.312 ; gain = 0.000

Phase 10 Depositing Routes
Phase 10 Depositing Routes | Checksum: 1af96515d

Time (s): cpu = 00:00:48 ; elapsed = 00:00:40 . Memory (MB): peak = 2070.312 ; gain = 0.000

Phase 11 Post Process Routing
Phase 11 Post Process Routing | Checksum: 1af96515d

Time (s): cpu = 00:00:48 ; elapsed = 00:00:40 . Memory (MB): peak = 2070.312 ; gain = 0.000

Phase 12 Post Router Timing
INFO: [Route 35-57] Estimated Timing Summary | WNS=1.417  | TNS=0.000  | WHS=0.048  | THS=0.000  |

INFO: [Route 35-327] The final timing numbers are based on the router estimated timing analysis. For a complete and accurate timing signoff, please run report_timing_summary.
Phase 12 Post Router Timing | Checksum: 1af96515d

Time (s): cpu = 00:00:48 ; elapsed = 00:00:40 . Memory (MB): peak = 2070.312 ; gain = 0.000
Total Elapsed time in route_design: 40.081 secs

Phase 13 Post-Route Event Processing
Phase 13 Post-Route Event Processing | Checksum: 1c9abed18

Time (s): cpu = 00:00:48 ; elapsed = 00:00:40 . Memory (MB): peak = 2070.312 ; gain = 0.000
INFO: [Route 35-16] Router Completed Successfully
Ending Routing Task | Checksum: 1c9abed18

Time (s): cpu = 00:00:48 ; elapsed = 00:00:40 . Memory (MB): peak = 2070.312 ; gain = 0.000

Routing Is Done.
INFO: [Common 17-83] Releasing license: Implementation
10 Infos, 0 Warnings, 0 Critical Warnings and 0 Errors encountered.
route_design completed successfully
route_design: Time (s): cpu = 00:00:48 ; elapsed = 00:00:40 . Memory (MB): peak = 2070.312 ; gain = 0.000
# write_bitstream -force [file join $out_dir board_number_demo_pl.bit]
Command: write_bitstream -force C:/Users/Administrator/Desktop/final_lab5/vivado/bitstream_check_pl/board_number_demo_pl.bit
Attempting to get a license for feature 'Implementation' and/or device 'xc7a100t'
INFO: [Common 17-349] Got license for feature 'Implementation' and/or device 'xc7a100t'
Running DRC as a precondition to command write_bitstream
INFO: [IP_Flow 19-234] Refreshing IP repositories
INFO: [IP_Flow 19-1704] No user IP repositories specified
INFO: [IP_Flow 19-2313] Loaded Vivado IP repository 'D:/2025.2/Vivado/data/ip'.
INFO: [DRC 23-27] Running DRC with 2 threads
INFO: [Vivado 12-3199] DRC finished with 0 Errors
INFO: [Vivado 12-3200] Please refer to the DRC report (report_drc) for more information.
Integrating Hard IP ELF/MEM with the PDI.
INFO: [Designutils 20-2272] Running write_bitstream with 2 threads.
Loading data files...
Loading site data...
Loading route data...
Processing options...
Creating bitmap...
Creating bitstream...
Writing bitstream C:/Users/Administrator/Desktop/final_lab5/vivado/bitstream_check_pl/board_number_demo_pl.bit...
INFO: [Vivado 12-1842] Bitgen Completed Successfully.
INFO: [Common 17-83] Releasing license: Implementation
10 Infos, 0 Warnings, 0 Critical Warnings and 0 Errors encountered.
write_bitstream completed successfully
write_bitstream: Time (s): cpu = 00:00:19 ; elapsed = 00:00:15 . Memory (MB): peak = 2349.508 ; gain = 279.195
# puts "Generated bitstream: [file join $out_dir board_number_demo_pl.bit]"
Generated bitstream: C:/Users/Administrator/Desktop/final_lab5/vivado/bitstream_check_pl/board_number_demo_pl.bit
# exit 0
INFO: [Common 17-206] Exiting Vivado at Tue Jun 16 19:30:33 2026...
