#-----------------------------------------------------------
# Vivado v2025.2 (64-bit)
# SW Build 6299465 on Fri Nov 14 19:35:11 GMT 2025
# IP Build 6300035 on Fri Nov 14 10:48:45 MST 2025
# SharedData Build 6298862 on Thu Nov 13 04:50:51 MST 2025
# Start of session at: Thu Jun 11 00:52:50 2026
# Process ID         : 100900
# Current directory  : C:/Users/Administrator/Desktop/final_lab5
# Command line       : vivado.exe -mode batch -source scripts\run_bitstream_check.tcl
# Log file           : C:/Users/Administrator/Desktop/final_lab5/vivado.log
# Journal file       : C:/Users/Administrator/Desktop/final_lab5\vivado.jou
# Running On         : USER-20260308ZV
# Platform           : Windows Server 2016 or Windows 10
# Operating System   : 26200
# Processor Detail   : AMD Ryzen 9 7945HX with Radeon Graphics        
# CPU Frequency      : 2495 MHz
# CPU Physical cores : 16
# CPU Logical cores  : 32
# Host memory        : 16844 MB
# Swap memory        : 10200 MB
# Total Virtual      : 27045 MB
# Available Virtual  : 10398 MB
#-----------------------------------------------------------
source {scripts\run_bitstream_check.tcl}
# set script_dir [file dirname [file normalize [info script]]]
# set lab_dir [file normalize [file join $script_dir ..]]
# set out_dir [file join $lab_dir vivado bitstream_check]
# file mkdir $out_dir
# set src_dir [file join $lab_dir src]
# read_verilog [file join $src_dir ctrl_encode_def.v]
read_verilog: Time (s): cpu = 00:00:05 ; elapsed = 00:00:06 . Memory (MB): peak = 545.973 ; gain = 222.453
# read_verilog [file join $src_dir alu.v]
# read_verilog [file join $src_dir ctrl.v]
# read_verilog [file join $src_dir dm.v]
# read_verilog [file join $src_dir EXT.v]
# read_verilog [file join $src_dir im.v]
# read_verilog [file join $src_dir NPC.v]
# read_verilog [file join $src_dir PC.v]
# read_verilog [file join $src_dir sccomp.v]
# read_verilog [file join $src_dir SCCPU.v]
# read_verilog [file join $src_dir RF.v]
# read_verilog [file join $src_dir debounce.v]
# read_verilog [file join $src_dir hex_to_7seg.v]
# read_verilog [file join $src_dir scan_7seg.v]
# read_verilog [file join $src_dir board_number_demo.v]
# read_xdc [file join $lab_dir constraints Nexys4DDR_SortDemo.xdc]
# synth_design -top board_number_demo -part xc7a100tcsg324-1
Command: synth_design -top board_number_demo -part xc7a100tcsg324-1
Starting synth_design
Attempting to get a license for feature 'Synthesis' and/or device 'xc7a100t'
INFO: [Common 17-349] Got license for feature 'Synthesis' and/or device 'xc7a100t'
INFO: [Device 21-403] Loading part xc7a100tcsg324-1
INFO: [Synth 8-7079] Multithreading enabled for synth_design using a maximum of 2 processes.
INFO: [Synth 8-7078] Launching helper process for spawning children vivado processes
INFO: [Synth 8-7075] Helper process launched with PID 100720
---------------------------------------------------------------------------------
Starting RTL Elaboration : Time (s): cpu = 00:00:04 ; elapsed = 00:00:04 . Memory (MB): peak = 1292.996 ; gain = 542.984
---------------------------------------------------------------------------------
INFO: [Synth 8-6157] synthesizing module 'board_number_demo' [C:/Users/Administrator/Desktop/final_lab5/src/board_number_demo.v:3]
INFO: [Synth 8-6157] synthesizing module 'debounce' [C:/Users/Administrator/Desktop/final_lab5/src/debounce.v:3]
	Parameter DEBOUNCE_CNT bound to: 1048576 - type: integer 
INFO: [Synth 8-6155] done synthesizing module 'debounce' (0#1) [C:/Users/Administrator/Desktop/final_lab5/src/debounce.v:3]
INFO: [Synth 8-6157] synthesizing module 'sccomp' [C:/Users/Administrator/Desktop/final_lab5/src/sccomp.v:2]
INFO: [Synth 8-6157] synthesizing module 'SCCPU' [C:/Users/Administrator/Desktop/final_lab5/src/SCCPU.v:2]
INFO: [Synth 8-6157] synthesizing module 'ctrl' [C:/Users/Administrator/Desktop/final_lab5/src/ctrl.v:3]
INFO: [Synth 8-226] default block is never used [C:/Users/Administrator/Desktop/final_lab5/src/ctrl.v:63]
INFO: [Synth 8-6155] done synthesizing module 'ctrl' (0#1) [C:/Users/Administrator/Desktop/final_lab5/src/ctrl.v:3]
INFO: [Synth 8-6157] synthesizing module 'PC' [C:/Users/Administrator/Desktop/final_lab5/src/PC.v:1]
INFO: [Synth 8-6155] done synthesizing module 'PC' (0#1) [C:/Users/Administrator/Desktop/final_lab5/src/PC.v:1]
INFO: [Synth 8-6157] synthesizing module 'NPC' [C:/Users/Administrator/Desktop/final_lab5/src/NPC.v:3]
INFO: [Synth 8-6155] done synthesizing module 'NPC' (0#1) [C:/Users/Administrator/Desktop/final_lab5/src/NPC.v:3]
INFO: [Synth 8-6157] synthesizing module 'EXT' [C:/Users/Administrator/Desktop/final_lab5/src/EXT.v:2]
INFO: [Synth 8-6155] done synthesizing module 'EXT' (0#1) [C:/Users/Administrator/Desktop/final_lab5/src/EXT.v:2]
INFO: [Synth 8-6157] synthesizing module 'RF' [C:/Users/Administrator/Desktop/final_lab5/src/RF.v:1]
INFO: [Synth 8-6155] done synthesizing module 'RF' (0#1) [C:/Users/Administrator/Desktop/final_lab5/src/RF.v:1]
INFO: [Synth 8-6157] synthesizing module 'alu' [C:/Users/Administrator/Desktop/final_lab5/src/alu.v:3]
INFO: [Synth 8-6155] done synthesizing module 'alu' (0#1) [C:/Users/Administrator/Desktop/final_lab5/src/alu.v:3]
INFO: [Synth 8-6155] done synthesizing module 'SCCPU' (0#1) [C:/Users/Administrator/Desktop/final_lab5/src/SCCPU.v:2]
INFO: [Synth 8-6157] synthesizing module 'dm' [C:/Users/Administrator/Desktop/final_lab5/src/dm.v:3]
INFO: [Synth 8-6155] done synthesizing module 'dm' (0#1) [C:/Users/Administrator/Desktop/final_lab5/src/dm.v:3]
INFO: [Synth 8-6157] synthesizing module 'im' [C:/Users/Administrator/Desktop/final_lab5/src/im.v:2]
INFO: [Synth 8-3876] $readmem data file 'rv32_sid_sort_sim.dat' is read successfully [C:/Users/Administrator/Desktop/final_lab5/src/im.v:8]
INFO: [Synth 8-6155] done synthesizing module 'im' (0#1) [C:/Users/Administrator/Desktop/final_lab5/src/im.v:2]
INFO: [Synth 8-6155] done synthesizing module 'sccomp' (0#1) [C:/Users/Administrator/Desktop/final_lab5/src/sccomp.v:2]
INFO: [Synth 8-6157] synthesizing module 'scan_7seg' [C:/Users/Administrator/Desktop/final_lab5/src/scan_7seg.v:3]
	Parameter SCAN_DIV_BITS bound to: 15 - type: integer 
INFO: [Synth 8-226] default block is never used [C:/Users/Administrator/Desktop/final_lab5/src/scan_7seg.v:35]
INFO: [Synth 8-6157] synthesizing module 'hex_to_7seg' [C:/Users/Administrator/Desktop/final_lab5/src/hex_to_7seg.v:3]
INFO: [Synth 8-226] default block is never used [C:/Users/Administrator/Desktop/final_lab5/src/hex_to_7seg.v:9]
INFO: [Synth 8-6155] done synthesizing module 'hex_to_7seg' (0#1) [C:/Users/Administrator/Desktop/final_lab5/src/hex_to_7seg.v:3]
INFO: [Synth 8-6155] done synthesizing module 'scan_7seg' (0#1) [C:/Users/Administrator/Desktop/final_lab5/src/scan_7seg.v:3]
INFO: [Synth 8-6155] done synthesizing module 'board_number_demo' (0#1) [C:/Users/Administrator/Desktop/final_lab5/src/board_number_demo.v:3]
WARNING: [Synth 8-7137] Register rf_reg[0] in module RF has both Set and reset with same priority. This may cause simulation mismatches. Consider rewriting code  [C:/Users/Administrator/Desktop/final_lab5/src/RF.v:17]
WARNING: [Synth 8-7129] Port addr[31] in module dm is either unconnected or has no load
WARNING: [Synth 8-7129] Port addr[30] in module dm is either unconnected or has no load
WARNING: [Synth 8-7129] Port addr[29] in module dm is either unconnected or has no load
WARNING: [Synth 8-7129] Port addr[28] in module dm is either unconnected or has no load
WARNING: [Synth 8-7129] Port addr[27] in module dm is either unconnected or has no load
WARNING: [Synth 8-7129] Port addr[26] in module dm is either unconnected or has no load
WARNING: [Synth 8-7129] Port addr[25] in module dm is either unconnected or has no load
WARNING: [Synth 8-7129] Port addr[24] in module dm is either unconnected or has no load
WARNING: [Synth 8-7129] Port addr[23] in module dm is either unconnected or has no load
WARNING: [Synth 8-7129] Port addr[22] in module dm is either unconnected or has no load
WARNING: [Synth 8-7129] Port addr[21] in module dm is either unconnected or has no load
WARNING: [Synth 8-7129] Port addr[20] in module dm is either unconnected or has no load
WARNING: [Synth 8-7129] Port addr[19] in module dm is either unconnected or has no load
WARNING: [Synth 8-7129] Port addr[18] in module dm is either unconnected or has no load
WARNING: [Synth 8-7129] Port addr[17] in module dm is either unconnected or has no load
WARNING: [Synth 8-7129] Port addr[16] in module dm is either unconnected or has no load
WARNING: [Synth 8-7129] Port addr[15] in module dm is either unconnected or has no load
WARNING: [Synth 8-7129] Port addr[14] in module dm is either unconnected or has no load
WARNING: [Synth 8-7129] Port addr[13] in module dm is either unconnected or has no load
WARNING: [Synth 8-7129] Port addr[12] in module dm is either unconnected or has no load
WARNING: [Synth 8-7129] Port addr[11] in module dm is either unconnected or has no load
WARNING: [Synth 8-7129] Port addr[10] in module dm is either unconnected or has no load
WARNING: [Synth 8-7129] Port addr[9] in module dm is either unconnected or has no load
WARNING: [Synth 8-7129] Port addr[1] in module dm is either unconnected or has no load
WARNING: [Synth 8-7129] Port addr[0] in module dm is either unconnected or has no load
---------------------------------------------------------------------------------
Finished RTL Elaboration : Time (s): cpu = 00:00:05 ; elapsed = 00:00:06 . Memory (MB): peak = 1427.738 ; gain = 677.727
---------------------------------------------------------------------------------
---------------------------------------------------------------------------------
Start Handling Custom Attributes
---------------------------------------------------------------------------------
---------------------------------------------------------------------------------
Finished Handling Custom Attributes : Time (s): cpu = 00:00:05 ; elapsed = 00:00:06 . Memory (MB): peak = 1427.738 ; gain = 677.727
---------------------------------------------------------------------------------
---------------------------------------------------------------------------------
Finished RTL Optimization Phase 1 : Time (s): cpu = 00:00:05 ; elapsed = 00:00:06 . Memory (MB): peak = 1427.738 ; gain = 677.727
---------------------------------------------------------------------------------
Netlist sorting complete. Time (s): cpu = 00:00:01 ; elapsed = 00:00:00.049 . Memory (MB): peak = 1427.738 ; gain = 0.000
INFO: [Project 1-570] Preparing netlist for logic optimization

Processing XDC Constraints
Initializing timing engine
Parsing XDC File [C:/Users/Administrator/Desktop/final_lab5/constraints/Nexys4DDR_SortDemo.xdc]
Finished Parsing XDC File [C:/Users/Administrator/Desktop/final_lab5/constraints/Nexys4DDR_SortDemo.xdc]
INFO: [Project 1-236] Implementation specific constraints were found while reading constraint file [C:/Users/Administrator/Desktop/final_lab5/constraints/Nexys4DDR_SortDemo.xdc]. These constraints will be ignored for synthesis but will be used in implementation. Impacted constraints are listed in the file [.Xil/board_number_demo_propImpl.xdc].
Resolution: To avoid this warning, move constraints listed in [.Xil/board_number_demo_propImpl.xdc] to another XDC file and exclude this new file from synthesis with the used_in_synthesis property (File Properties dialog in GUI) and re-run elaboration/synthesis.
Completed Processing XDC Constraints

Netlist sorting complete. Time (s): cpu = 00:00:00 ; elapsed = 00:00:00.003 . Memory (MB): peak = 1506.879 ; gain = 0.000
INFO: [Project 1-111] Unisim Transformation Summary:
No Unisim elements were transformed.

Constraint Validation Runtime : Time (s): cpu = 00:00:00 ; elapsed = 00:00:00.038 . Memory (MB): peak = 1506.879 ; gain = 0.000
---------------------------------------------------------------------------------
Finished Constraint Validation : Time (s): cpu = 00:00:12 ; elapsed = 00:00:13 . Memory (MB): peak = 1506.879 ; gain = 756.867
---------------------------------------------------------------------------------
---------------------------------------------------------------------------------
Start Loading Part and Timing Information
---------------------------------------------------------------------------------
Loading part: xc7a100tcsg324-1
---------------------------------------------------------------------------------
Finished Loading Part and Timing Information : Time (s): cpu = 00:00:12 ; elapsed = 00:00:13 . Memory (MB): peak = 1506.879 ; gain = 756.867
---------------------------------------------------------------------------------
---------------------------------------------------------------------------------
Start Applying 'set_property' XDC Constraints
---------------------------------------------------------------------------------
---------------------------------------------------------------------------------
Finished applying 'set_property' XDC Constraints : Time (s): cpu = 00:00:12 ; elapsed = 00:00:13 . Memory (MB): peak = 1506.879 ; gain = 756.867
---------------------------------------------------------------------------------
---------------------------------------------------------------------------------
Finished RTL Optimization Phase 2 : Time (s): cpu = 00:00:13 ; elapsed = 00:00:14 . Memory (MB): peak = 1506.879 ; gain = 756.867
---------------------------------------------------------------------------------
---------------------------------------------------------------------------------
Start RTL Component Statistics 
---------------------------------------------------------------------------------
Detailed RTL Component Info : 
+---Adders : 
	   2 Input   32 Bit       Adders := 5     
	   3 Input   32 Bit       Adders := 1     
	   2 Input   20 Bit       Adders := 1     
	   2 Input    3 Bit       Adders := 1     
+---XORs : 
	   2 Input     32 Bit         XORs := 1     
+---Registers : 
	               32 Bit    Registers := 161   
	               20 Bit    Registers := 1     
	                3 Bit    Registers := 1     
	                1 Bit    Registers := 3     
+---Muxes : 
	   5 Input   32 Bit        Muxes := 1     
	   2 Input   32 Bit        Muxes := 6     
	   4 Input   32 Bit        Muxes := 1     
	 129 Input   32 Bit        Muxes := 1     
	   2 Input   20 Bit        Muxes := 1     
	   8 Input    8 Bit        Muxes := 1     
	   2 Input    5 Bit        Muxes := 1     
	   7 Input    4 Bit        Muxes := 1     
	   2 Input    1 Bit        Muxes := 35    
	   7 Input    1 Bit        Muxes := 1     
---------------------------------------------------------------------------------
Finished RTL Component Statistics 
---------------------------------------------------------------------------------
---------------------------------------------------------------------------------
Start Part Resource Summary
---------------------------------------------------------------------------------
Part Resources:
DSPs: 240 (col length:80)
BRAMs: 270 (col length: RAMB18 80 RAMB36 40)
---------------------------------------------------------------------------------
Finished Part Resource Summary
---------------------------------------------------------------------------------
---------------------------------------------------------------------------------
Start Cross Boundary and Area Optimization
---------------------------------------------------------------------------------
WARNING: [Synth 8-7129] Port addr[31] in module dm is either unconnected or has no load
WARNING: [Synth 8-7129] Port addr[30] in module dm is either unconnected or has no load
WARNING: [Synth 8-7129] Port addr[29] in module dm is either unconnected or has no load
WARNING: [Synth 8-7129] Port addr[28] in module dm is either unconnected or has no load
WARNING: [Synth 8-7129] Port addr[27] in module dm is either unconnected or has no load
WARNING: [Synth 8-7129] Port addr[26] in module dm is either unconnected or has no load
WARNING: [Synth 8-7129] Port addr[25] in module dm is either unconnected or has no load
WARNING: [Synth 8-7129] Port addr[24] in module dm is either unconnected or has no load
WARNING: [Synth 8-7129] Port addr[23] in module dm is either unconnected or has no load
WARNING: [Synth 8-7129] Port addr[22] in module dm is either unconnected or has no load
WARNING: [Synth 8-7129] Port addr[21] in module dm is either unconnected or has no load
WARNING: [Synth 8-7129] Port addr[20] in module dm is either unconnected or has no load
WARNING: [Synth 8-7129] Port addr[19] in module dm is either unconnected or has no load
WARNING: [Synth 8-7129] Port addr[18] in module dm is either unconnected or has no load
WARNING: [Synth 8-7129] Port addr[17] in module dm is either unconnected or has no load
WARNING: [Synth 8-7129] Port addr[16] in module dm is either unconnected or has no load
WARNING: [Synth 8-7129] Port addr[15] in module dm is either unconnected or has no load
WARNING: [Synth 8-7129] Port addr[14] in module dm is either unconnected or has no load
WARNING: [Synth 8-7129] Port addr[13] in module dm is either unconnected or has no load
WARNING: [Synth 8-7129] Port addr[12] in module dm is either unconnected or has no load
WARNING: [Synth 8-7129] Port addr[11] in module dm is either unconnected or has no load
WARNING: [Synth 8-7129] Port addr[10] in module dm is either unconnected or has no load
WARNING: [Synth 8-7129] Port addr[9] in module dm is either unconnected or has no load
WARNING: [Synth 8-7129] Port addr[1] in module dm is either unconnected or has no load
WARNING: [Synth 8-7129] Port addr[0] in module dm is either unconnected or has no load
---------------------------------------------------------------------------------
Finished Cross Boundary and Area Optimization : Time (s): cpu = 00:00:29 ; elapsed = 00:00:31 . Memory (MB): peak = 1575.484 ; gain = 825.473
---------------------------------------------------------------------------------
---------------------------------------------------------------------------------
Start Applying XDC Timing Constraints
---------------------------------------------------------------------------------
---------------------------------------------------------------------------------
Finished Applying XDC Timing Constraints : Time (s): cpu = 00:00:32 ; elapsed = 00:00:34 . Memory (MB): peak = 1637.750 ; gain = 887.738
---------------------------------------------------------------------------------
---------------------------------------------------------------------------------
Start Timing Optimization
---------------------------------------------------------------------------------
---------------------------------------------------------------------------------
Finished Timing Optimization : Time (s): cpu = 00:00:40 ; elapsed = 00:00:42 . Memory (MB): peak = 1723.184 ; gain = 973.172
---------------------------------------------------------------------------------
---------------------------------------------------------------------------------
Start Technology Mapping
---------------------------------------------------------------------------------
---------------------------------------------------------------------------------
Finished Technology Mapping : Time (s): cpu = 00:00:50 ; elapsed = 00:00:52 . Memory (MB): peak = 1723.207 ; gain = 973.195
---------------------------------------------------------------------------------
---------------------------------------------------------------------------------
Start IO Insertion
---------------------------------------------------------------------------------
---------------------------------------------------------------------------------
Start Flattening Before IO Insertion
---------------------------------------------------------------------------------
---------------------------------------------------------------------------------
Finished Flattening Before IO Insertion
---------------------------------------------------------------------------------
---------------------------------------------------------------------------------
Start Final Netlist Cleanup
---------------------------------------------------------------------------------
---------------------------------------------------------------------------------
Finished Final Netlist Cleanup
---------------------------------------------------------------------------------
---------------------------------------------------------------------------------
Finished IO Insertion : Time (s): cpu = 00:00:53 ; elapsed = 00:00:55 . Memory (MB): peak = 1917.879 ; gain = 1167.867
---------------------------------------------------------------------------------
---------------------------------------------------------------------------------
Start Renaming Generated Instances
---------------------------------------------------------------------------------
---------------------------------------------------------------------------------
Finished Renaming Generated Instances : Time (s): cpu = 00:00:53 ; elapsed = 00:00:55 . Memory (MB): peak = 1917.879 ; gain = 1167.867
---------------------------------------------------------------------------------
---------------------------------------------------------------------------------
Start Rebuilding User Hierarchy
---------------------------------------------------------------------------------
---------------------------------------------------------------------------------
Finished Rebuilding User Hierarchy : Time (s): cpu = 00:00:53 ; elapsed = 00:00:56 . Memory (MB): peak = 1917.879 ; gain = 1167.867
---------------------------------------------------------------------------------
---------------------------------------------------------------------------------
Start Renaming Generated Ports
---------------------------------------------------------------------------------
---------------------------------------------------------------------------------
Finished Renaming Generated Ports : Time (s): cpu = 00:00:53 ; elapsed = 00:00:56 . Memory (MB): peak = 1917.879 ; gain = 1167.867
---------------------------------------------------------------------------------
---------------------------------------------------------------------------------
Start Handling Custom Attributes
---------------------------------------------------------------------------------
---------------------------------------------------------------------------------
Finished Handling Custom Attributes : Time (s): cpu = 00:00:54 ; elapsed = 00:00:56 . Memory (MB): peak = 1917.879 ; gain = 1167.867
---------------------------------------------------------------------------------
---------------------------------------------------------------------------------
Start Renaming Generated Nets
---------------------------------------------------------------------------------
---------------------------------------------------------------------------------
Finished Renaming Generated Nets : Time (s): cpu = 00:00:54 ; elapsed = 00:00:56 . Memory (MB): peak = 1917.879 ; gain = 1167.867
---------------------------------------------------------------------------------
---------------------------------------------------------------------------------
Start Writing Synthesis Report
---------------------------------------------------------------------------------

Report BlackBoxes: 
+-+--------------+----------+
| |BlackBox name |Instances |
+-+--------------+----------+
+-+--------------+----------+

Report Cell Usage: 
+------+-------+------+
|      |Cell   |Count |
+------+-------+------+
|1     |BUFG   |     1|
|2     |CARRY4 |    72|
|3     |LUT1   |     5|
|4     |LUT2   |   246|
|5     |LUT3   |    69|
|6     |LUT4   |   174|
|7     |LUT5   |   276|
|8     |LUT6   |  2094|
|9     |MUXF7  |   649|
|10    |MUXF8  |   288|
|11    |FDCE   |   553|
|12    |FDRE   |  4096|
|13    |IBUF   |    19|
|14    |OBUF   |    32|
+------+-------+------+
---------------------------------------------------------------------------------
Finished Writing Synthesis Report : Time (s): cpu = 00:00:54 ; elapsed = 00:00:56 . Memory (MB): peak = 1917.879 ; gain = 1167.867
---------------------------------------------------------------------------------
Synthesis finished with 0 errors, 0 critical warnings and 25 warnings.
Synthesis Optimization Runtime : Time (s): cpu = 00:00:47 ; elapsed = 00:00:54 . Memory (MB): peak = 1917.879 ; gain = 1088.727
Synthesis Optimization Complete : Time (s): cpu = 00:00:54 ; elapsed = 00:00:56 . Memory (MB): peak = 1917.879 ; gain = 1167.867
INFO: [Project 1-571] Translating synthesized netlist
Netlist sorting complete. Time (s): cpu = 00:00:00 ; elapsed = 00:00:00.047 . Memory (MB): peak = 1928.039 ; gain = 0.000
INFO: [Netlist 29-17] Analyzing 1009 Unisim elements for replacement
INFO: [Netlist 29-28] Unisim Transformation completed in 0 CPU seconds
INFO: [Project 1-570] Preparing netlist for logic optimization
Parsing XDC File [C:/Users/Administrator/Desktop/final_lab5/constraints/Nexys4DDR_SortDemo.xdc]
Finished Parsing XDC File [C:/Users/Administrator/Desktop/final_lab5/constraints/Nexys4DDR_SortDemo.xdc]
INFO: [Opt 31-138] Pushed 0 inverter(s) to 0 load pin(s).
Netlist sorting complete. Time (s): cpu = 00:00:00 ; elapsed = 00:00:00.002 . Memory (MB): peak = 1931.762 ; gain = 0.000
INFO: [Project 1-111] Unisim Transformation Summary:
No Unisim elements were transformed.

Synth Design complete | Checksum: 27d22660
INFO: [Common 17-83] Releasing license: Synthesis
47 Infos, 51 Warnings, 0 Critical Warnings and 0 Errors encountered.
synth_design completed successfully
synth_design: Time (s): cpu = 00:00:58 ; elapsed = 00:01:03 . Memory (MB): peak = 1931.762 ; gain = 1385.789
# opt_design
Command: opt_design
Attempting to get a license for feature 'Implementation' and/or device 'xc7a100t'
INFO: [Common 17-349] Got license for feature 'Implementation' and/or device 'xc7a100t'
Running DRC as a precondition to command opt_design

Starting DRC Task
INFO: [DRC 23-27] Running DRC with 2 threads
INFO: [Project 1-461] DRC finished with 0 Errors
INFO: [Project 1-462] Please refer to the DRC report (report_drc) for more information.

Time (s): cpu = 00:00:00 ; elapsed = 00:00:00.659 . Memory (MB): peak = 1931.762 ; gain = 0.000

Starting Cache Timing Information Task
INFO: [Timing 38-35] Done setting XDC timing constraints.
Ending Cache Timing Information Task | Checksum: 1e5afaed4

Time (s): cpu = 00:00:04 ; elapsed = 00:00:04 . Memory (MB): peak = 1931.762 ; gain = 0.000

Starting Logic Optimization Task

Phase 1 Initialization

Phase 1.1 Core Generation And Design Setup
Phase 1.1 Core Generation And Design Setup | Checksum: 1e5afaed4

Time (s): cpu = 00:00:00 ; elapsed = 00:00:00.005 . Memory (MB): peak = 2060.098 ; gain = 0.000

Phase 1.2 Setup Constraints And Sort Netlist
Phase 1.2 Setup Constraints And Sort Netlist | Checksum: 1e5afaed4

Time (s): cpu = 00:00:00 ; elapsed = 00:00:00.011 . Memory (MB): peak = 2060.098 ; gain = 0.000
Phase 1 Initialization | Checksum: 1e5afaed4

Time (s): cpu = 00:00:00 ; elapsed = 00:00:00.012 . Memory (MB): peak = 2060.098 ; gain = 0.000

Phase 2 Timer Update And Timing Data Collection

Phase 2.1 Detect if minReqCache needed
Phase 2.1 Detect if minReqCache needed | Checksum: 1e5afaed4

Time (s): cpu = 00:00:00 ; elapsed = 00:00:00.024 . Memory (MB): peak = 2060.105 ; gain = 0.008

Phase 2.2 Timer Update
Phase 2.2 Timer Update | Checksum: 1e5afaed4

Time (s): cpu = 00:00:01 ; elapsed = 00:00:00.136 . Memory (MB): peak = 2060.105 ; gain = 0.008

Phase 2.3 Timing Data Collection
Phase 2.3 Timing Data Collection | Checksum: 1e5afaed4

Time (s): cpu = 00:00:01 ; elapsed = 00:00:00.142 . Memory (MB): peak = 2060.105 ; gain = 0.008
Phase 2 Timer Update And Timing Data Collection | Checksum: 1e5afaed4

Time (s): cpu = 00:00:01 ; elapsed = 00:00:00.144 . Memory (MB): peak = 2060.105 ; gain = 0.008

Phase 3 Retarget
INFO: [Opt 31-1851] Number of loadless carry chains removed were: 0
INFO: [Opt 31-1834] Total Chains To Be Transformed Were: 0 AND Number of Transformed insts Created are: 0
INFO: [Opt 31-1566] Pulled 1 inverters resulting in an inversion of 3 pins
INFO: [Opt 31-138] Pushed 0 inverter(s) to 0 load pin(s).
INFO: [Opt 31-49] Retargeted 0 cell(s).
Phase 3 Retarget | Checksum: 2a66a8db4

Time (s): cpu = 00:00:01 ; elapsed = 00:00:00.235 . Memory (MB): peak = 2060.105 ; gain = 0.008
Retarget | Checksum: 2a66a8db4
INFO: [Opt 31-389] Phase Retarget created 0 cells and removed 1 cells

Phase 4 Constant propagation
INFO: [Opt 31-138] Pushed 0 inverter(s) to 0 load pin(s).
Phase 4 Constant propagation | Checksum: 2e32db472

Time (s): cpu = 00:00:01 ; elapsed = 00:00:00.276 . Memory (MB): peak = 2060.105 ; gain = 0.008
Constant propagation | Checksum: 2e32db472
INFO: [Opt 31-389] Phase Constant propagation created 0 cells and removed 0 cells

Phase 5 Sweep
INFO: [Constraints 18-11670] Building netlist checker database with flags, 0x8
Done building netlist checker database: Time (s): cpu = 00:00:00 ; elapsed = 00:00:00.001 . Memory (MB): peak = 2060.105 ; gain = 0.000
Phase 5 Sweep | Checksum: 25fad60d3

Time (s): cpu = 00:00:01 ; elapsed = 00:00:00.322 . Memory (MB): peak = 2060.105 ; gain = 0.008
Sweep | Checksum: 25fad60d3
INFO: [Opt 31-389] Phase Sweep created 0 cells and removed 0 cells

Phase 6 BUFG optimization
Phase 6 BUFG optimization | Checksum: 25fad60d3

Time (s): cpu = 00:00:01 ; elapsed = 00:00:00.369 . Memory (MB): peak = 2060.105 ; gain = 0.008
BUFG optimization | Checksum: 25fad60d3
INFO: [Opt 31-662] Phase BUFG optimization created 0 cells of which 0 are BUFGs and removed 0 cells.

Phase 7 Shift Register Optimization
INFO: [Opt 31-1064] SRL Remap converted 0 SRLs to 0 registers and converted 0 registers of register chains to 0 SRLs
Phase 7 Shift Register Optimization | Checksum: 25fad60d3

Time (s): cpu = 00:00:01 ; elapsed = 00:00:00.379 . Memory (MB): peak = 2060.105 ; gain = 0.008
Shift Register Optimization | Checksum: 25fad60d3
INFO: [Opt 31-389] Phase Shift Register Optimization created 0 cells and removed 0 cells

Phase 8 Post Processing Netlist
Phase 8 Post Processing Netlist | Checksum: 25fad60d3

Time (s): cpu = 00:00:01 ; elapsed = 00:00:00.401 . Memory (MB): peak = 2060.105 ; gain = 0.008
Post Processing Netlist | Checksum: 25fad60d3
INFO: [Opt 31-389] Phase Post Processing Netlist created 0 cells and removed 0 cells

Phase 9 Finalization

Phase 9.1 Finalizing Design Cores and Updating Shapes
Phase 9.1 Finalizing Design Cores and Updating Shapes | Checksum: 23618a068

Time (s): cpu = 00:00:01 ; elapsed = 00:00:00.448 . Memory (MB): peak = 2060.105 ; gain = 0.008

Phase 9.2 Verifying Netlist Connectivity

Starting Connectivity Check Task

Time (s): cpu = 00:00:00 ; elapsed = 00:00:00.020 . Memory (MB): peak = 2060.105 ; gain = 0.000
Phase 9.2 Verifying Netlist Connectivity | Checksum: 23618a068

Time (s): cpu = 00:00:01 ; elapsed = 00:00:00.470 . Memory (MB): peak = 2060.105 ; gain = 0.008
Phase 9 Finalization | Checksum: 23618a068

Time (s): cpu = 00:00:01 ; elapsed = 00:00:00.472 . Memory (MB): peak = 2060.105 ; gain = 0.008
Opt_design Change Summary
=========================


-------------------------------------------------------------------------------------------------------------------------
|  Phase                        |  #Cells created  |  #Cells Removed  |  #Constrained objects preventing optimizations  |
-------------------------------------------------------------------------------------------------------------------------
|  Retarget                     |               0  |               1  |                                              0  |
|  Constant propagation         |               0  |               0  |                                              0  |
|  Sweep                        |               0  |               0  |                                              0  |
|  BUFG optimization            |               0  |               0  |                                              0  |
|  Shift Register Optimization  |               0  |               0  |                                              0  |
|  Post Processing Netlist      |               0  |               0  |                                              0  |
-------------------------------------------------------------------------------------------------------------------------


Ending Logic Optimization Task | Checksum: 23618a068

Time (s): cpu = 00:00:01 ; elapsed = 00:00:00.475 . Memory (MB): peak = 2060.105 ; gain = 0.008

Starting Power Optimization Task
INFO: [Pwropt 34-132] Skipping clock gating for clocks with a period < 2.00 ns.
Ending Power Optimization Task | Checksum: 23618a068

Time (s): cpu = 00:00:00 ; elapsed = 00:00:00.016 . Memory (MB): peak = 2060.105 ; gain = 0.000

Starting Final Cleanup Task
Ending Final Cleanup Task | Checksum: 23618a068

Time (s): cpu = 00:00:00 ; elapsed = 00:00:00.001 . Memory (MB): peak = 2060.105 ; gain = 0.000
Netlist sorting complete. Time (s): cpu = 00:00:00 ; elapsed = 00:00:00.003 . Memory (MB): peak = 2060.105 ; gain = 0.000
INFO: [Common 17-83] Releasing license: Implementation
21 Infos, 0 Warnings, 0 Critical Warnings and 0 Errors encountered.
opt_design completed successfully
opt_design: Time (s): cpu = 00:00:07 ; elapsed = 00:00:08 . Memory (MB): peak = 2060.105 ; gain = 128.344
# place_design
Command: place_design
Attempting to get a license for feature 'Implementation' and/or device 'xc7a100t'
INFO: [Common 17-349] Got license for feature 'Implementation' and/or device 'xc7a100t'
INFO: [Common 17-83] Releasing license: Implementation
INFO: [DRC 23-27] Running DRC with 2 threads
INFO: [Vivado_Tcl 4-198] DRC finished with 0 Errors
INFO: [Vivado_Tcl 4-199] Please refer to the DRC report (report_drc) for more information.
INFO: [Timing 38-35] Done setting XDC timing constraints.
Running DRC as a precondition to command place_design
INFO: [DRC 23-27] Running DRC with 2 threads
INFO: [Vivado_Tcl 4-198] DRC finished with 0 Errors
INFO: [Vivado_Tcl 4-199] Please refer to the DRC report (report_drc) for more information.
INFO: [Place 30-611] Multithreading enabled for place_design using a maximum of 2 CPUs

Starting Placer Task

Phase 1 Placer Initialization

Phase 1.1 Placer Initialization Netlist Sorting
Netlist sorting complete. Time (s): cpu = 00:00:00 ; elapsed = 00:00:00.004 . Memory (MB): peak = 2060.105 ; gain = 0.000
Phase 1.1 Placer Initialization Netlist Sorting | Checksum: 17942c295

Time (s): cpu = 00:00:00 ; elapsed = 00:00:00.006 . Memory (MB): peak = 2060.105 ; gain = 0.000
Netlist sorting complete. Time (s): cpu = 00:00:00 ; elapsed = 00:00:00.003 . Memory (MB): peak = 2060.105 ; gain = 0.000

Phase 1.2 IO Placement/ Clock Placement/ Build Placer Device
Phase 1.2 IO Placement/ Clock Placement/ Build Placer Device | Checksum: 1cfd76a22

Time (s): cpu = 00:00:01 ; elapsed = 00:00:00.327 . Memory (MB): peak = 2060.105 ; gain = 0.000

Phase 1.3 Build Placer Netlist Model
Phase 1.3 Build Placer Netlist Model | Checksum: 1efcee296

Time (s): cpu = 00:00:02 ; elapsed = 00:00:01 . Memory (MB): peak = 2060.105 ; gain = 0.000

Phase 1.4 Constrain Clocks/Macros
Phase 1.4 Constrain Clocks/Macros | Checksum: 1efcee296

Time (s): cpu = 00:00:02 ; elapsed = 00:00:01 . Memory (MB): peak = 2060.105 ; gain = 0.000
Phase 1 Placer Initialization | Checksum: 1efcee296

Time (s): cpu = 00:00:02 ; elapsed = 00:00:01 . Memory (MB): peak = 2060.105 ; gain = 0.000

Phase 2 Global Placement

Phase 2.1 Floorplanning
Phase 2.1 Floorplanning | Checksum: 1df747502

Time (s): cpu = 00:00:03 ; elapsed = 00:00:02 . Memory (MB): peak = 2060.105 ; gain = 0.000

Phase 2.2 Update Timing before SLR Path Opt
Phase 2.2 Update Timing before SLR Path Opt | Checksum: 1d391b2f4

Time (s): cpu = 00:00:04 ; elapsed = 00:00:02 . Memory (MB): peak = 2060.105 ; gain = 0.000

Phase 2.3 Post-Processing in Floorplanning
Phase 2.3 Post-Processing in Floorplanning | Checksum: 1d391b2f4

Time (s): cpu = 00:00:04 ; elapsed = 00:00:02 . Memory (MB): peak = 2060.105 ; gain = 0.000

Phase 2.4 Global Place Phase1
Phase 2.4 Global Place Phase1 | Checksum: 1e07ff255

Time (s): cpu = 00:00:13 ; elapsed = 00:00:08 . Memory (MB): peak = 2060.105 ; gain = 0.000

Phase 2.5 Global Place Phase2

Phase 2.5.1 UpdateTiming Before Physical Synthesis
Phase 2.5.1 UpdateTiming Before Physical Synthesis | Checksum: 24c3457e9

Time (s): cpu = 00:00:13 ; elapsed = 00:00:08 . Memory (MB): peak = 2060.105 ; gain = 0.000

Phase 2.5.2 Physical Synthesis In Placer
INFO: [Physopt 32-1035] Found 109 LUTNM shape to break, 2 LUT instances to create LUTNM shape
INFO: [Physopt 32-1044] Break lutnm for timing: one critical 2, two critical 107, total 109, new lutff created 0
INFO: [Physopt 32-1138] End 1 Pass. Optimized 110 nets or LUTs. Breaked 109 LUTs, combined 1 existing LUT and moved 0 existing LUT
INFO: [Physopt 32-65] No nets found for high-fanout optimization.
INFO: [Physopt 32-232] Optimized 0 net. Created 0 new instance.
INFO: [Physopt 32-775] End 1 Pass. Optimized 0 net or cell. Created 0 new cell, deleted 0 existing cell and moved 0 existing cell
INFO: [Physopt 32-456] No candidate cells for DSP register optimization found in the design.
INFO: [Physopt 32-775] End 2 Pass. Optimized 0 net or cell. Created 0 new cell, deleted 0 existing cell and moved 0 existing cell
INFO: [Physopt 32-1123] No candidate cells found for Shift Register to Pipeline optimization
INFO: [Physopt 32-775] End 2 Pass. Optimized 0 net or cell. Created 0 new cell, deleted 0 existing cell and moved 0 existing cell
INFO: [Physopt 32-1401] No candidate cells found for Shift Register optimization.
INFO: [Physopt 32-677] No candidate cells for Shift Register optimization found in the design
INFO: [Physopt 32-775] End 1 Pass. Optimized 0 net or cell. Created 0 new cell, deleted 0 existing cell and moved 0 existing cell
INFO: [Physopt 32-526] No candidate cells for BRAM register optimization found in the design
INFO: [Physopt 32-775] End 1 Pass. Optimized 0 net or cell. Created 0 new cell, deleted 0 existing cell and moved 0 existing cell
INFO: [Physopt 32-846] No candidate cells for URAM register optimization found in the design
INFO: [Physopt 32-775] End 1 Pass. Optimized 0 net or cell. Created 0 new cell, deleted 0 existing cell and moved 0 existing cell
INFO: [Physopt 32-846] No candidate cells for URAM register optimization found in the design
INFO: [Physopt 32-775] End 1 Pass. Optimized 0 net or cell. Created 0 new cell, deleted 0 existing cell and moved 0 existing cell
INFO: [Physopt 32-949] No candidate nets found for dynamic/static region interface net replication
INFO: [Physopt 32-775] End 1 Pass. Optimized 0 net or cell. Created 0 new cell, deleted 0 existing cell and moved 0 existing cell
Netlist sorting complete. Time (s): cpu = 00:00:00 ; elapsed = 00:00:00.003 . Memory (MB): peak = 2060.105 ; gain = 0.000

Summary of Physical Synthesis Optimizations
============================================


-----------------------------------------------------------------------------------------------------------------------------------------------------------
|  Optimization                                     |  Added Cells  |  Removed Cells  |  Optimized Cells/Nets  |  Dont Touch  |  Iterations  |  Elapsed   |
-----------------------------------------------------------------------------------------------------------------------------------------------------------
|  LUT Combining                                    |          109  |              1  |                   110  |           0  |           1  |  00:00:00  |
|  Retime                                           |            0  |              0  |                     0  |           0  |           1  |  00:00:00  |
|  Very High Fanout                                 |            0  |              0  |                     0  |           0  |           1  |  00:00:00  |
|  DSP Register                                     |            0  |              0  |                     0  |           0  |           1  |  00:00:00  |
|  Shift Register to Pipeline                       |            0  |              0  |                     0  |           0  |           1  |  00:00:00  |
|  Shift Register                                   |            0  |              0  |                     0  |           0  |           1  |  00:00:00  |
|  BRAM Register                                    |            0  |              0  |                     0  |           0  |           1  |  00:00:00  |
|  URAM Register                                    |            0  |              0  |                     0  |           0  |           1  |  00:00:00  |
|  Dynamic/Static Region Interface Net Replication  |            0  |              0  |                     0  |           0  |           1  |  00:00:00  |
|  Total                                            |          109  |              1  |                   110  |           0  |           9  |  00:00:00  |
-----------------------------------------------------------------------------------------------------------------------------------------------------------


Phase 2.5.2 Physical Synthesis In Placer | Checksum: 24fa2a638

Time (s): cpu = 00:00:14 ; elapsed = 00:00:09 . Memory (MB): peak = 2060.105 ; gain = 0.000
Phase 2.5 Global Place Phase2 | Checksum: 2e94ffdc3

Time (s): cpu = 00:00:15 ; elapsed = 00:00:09 . Memory (MB): peak = 2060.105 ; gain = 0.000
Phase 2 Global Placement | Checksum: 2e94ffdc3

Time (s): cpu = 00:00:15 ; elapsed = 00:00:09 . Memory (MB): peak = 2060.105 ; gain = 0.000

Phase 3 Detail Placement

Phase 3.1 Commit Multi Column Macros
Phase 3.1 Commit Multi Column Macros | Checksum: 2bec99e94

Time (s): cpu = 00:00:16 ; elapsed = 00:00:10 . Memory (MB): peak = 2060.105 ; gain = 0.000

Phase 3.2 Commit Most Macros & LUTRAMs
Phase 3.2 Commit Most Macros & LUTRAMs | Checksum: 2c8aa0621

Time (s): cpu = 00:00:17 ; elapsed = 00:00:11 . Memory (MB): peak = 2060.105 ; gain = 0.000

Phase 3.3 Area Swap Optimization
Phase 3.3 Area Swap Optimization | Checksum: 261635c4e

Time (s): cpu = 00:00:17 ; elapsed = 00:00:11 . Memory (MB): peak = 2060.105 ; gain = 0.000

Phase 3.4 Pipeline Register Optimization
Phase 3.4 Pipeline Register Optimization | Checksum: 3072dc86d

Time (s): cpu = 00:00:17 ; elapsed = 00:00:11 . Memory (MB): peak = 2060.105 ; gain = 0.000

Phase 3.5 Fast Optimization
Phase 3.5 Fast Optimization | Checksum: 2b824bfb9

Time (s): cpu = 00:00:22 ; elapsed = 00:00:16 . Memory (MB): peak = 2060.105 ; gain = 0.000

Phase 3.6 Small Shape Detail Placement
Phase 3.6 Small Shape Detail Placement | Checksum: 2767f80c7

Time (s): cpu = 00:00:25 ; elapsed = 00:00:20 . Memory (MB): peak = 2060.105 ; gain = 0.000

Phase 3.7 Re-assign LUT pins
Phase 3.7 Re-assign LUT pins | Checksum: 272574d99

Time (s): cpu = 00:00:25 ; elapsed = 00:00:20 . Memory (MB): peak = 2060.105 ; gain = 0.000

Phase 3.8 Pipeline Register Optimization
Phase 3.8 Pipeline Register Optimization | Checksum: 3101ea17a

Time (s): cpu = 00:00:25 ; elapsed = 00:00:20 . Memory (MB): peak = 2060.105 ; gain = 0.000

Phase 3.9 Fast Optimization
Phase 3.9 Fast Optimization | Checksum: 2bb22c9ea

Time (s): cpu = 00:00:36 ; elapsed = 00:00:31 . Memory (MB): peak = 2060.105 ; gain = 0.000
Phase 3 Detail Placement | Checksum: 2bb22c9ea

Time (s): cpu = 00:00:37 ; elapsed = 00:00:31 . Memory (MB): peak = 2060.105 ; gain = 0.000

Phase 4 Post Placement Optimization and Clean-Up

Phase 4.1 Post Commit Optimization
INFO: [Timing 38-35] Done setting XDC timing constraints.

Phase 4.1.1 Post Placement Optimization
Post Placement Optimization Initialization | Checksum: 318029e41

Phase 4.1.1.1 BUFG Insertion

Starting Physical Synthesis Task

Phase 1 Physical Synthesis Initialization
INFO: [Physopt 32-721] Multithreading enabled for phys_opt_design using a maximum of 2 CPUs
INFO: [Physopt 32-619] Estimated Timing Summary | WNS=-4.779 | TNS=-25126.255 |
Phase 1 Physical Synthesis Initialization | Checksum: 269223f18

Time (s): cpu = 00:00:00 ; elapsed = 00:00:00.108 . Memory (MB): peak = 2060.105 ; gain = 0.000
INFO: [Place 46-56] BUFG insertion identified 0 candidate nets. Inserted BUFG: 0, Replicated BUFG Driver: 0, Skipped due to Placement/Routing Conflicts: 0, Skipped due to Timing Degradation: 0, Skipped due to netlist editing failed: 0.
Ending Physical Synthesis Task | Checksum: 30d713fe4

Time (s): cpu = 00:00:00 ; elapsed = 00:00:00.130 . Memory (MB): peak = 2060.105 ; gain = 0.000
Phase 4.1.1.1 BUFG Insertion | Checksum: 318029e41

Time (s): cpu = 00:00:38 ; elapsed = 00:00:32 . Memory (MB): peak = 2060.105 ; gain = 0.000

Phase 4.1.1.2 Post Placement Timing Optimization
INFO: [Place 30-746] Post Placement Timing Summary WNS=-3.726. For the most accurate timing information please run report_timing.
Phase 4.1.1.2 Post Placement Timing Optimization | Checksum: 24b553d4a

Time (s): cpu = 00:01:14 ; elapsed = 00:01:10 . Memory (MB): peak = 2060.105 ; gain = 0.000

Time (s): cpu = 00:01:14 ; elapsed = 00:01:10 . Memory (MB): peak = 2060.105 ; gain = 0.000
Phase 4.1 Post Commit Optimization | Checksum: 24b553d4a

Time (s): cpu = 00:01:14 ; elapsed = 00:01:10 . Memory (MB): peak = 2060.105 ; gain = 0.000

Phase 4.2 Post Placement Cleanup
Phase 4.2 Post Placement Cleanup | Checksum: 24b553d4a

Time (s): cpu = 00:01:14 ; elapsed = 00:01:10 . Memory (MB): peak = 2060.105 ; gain = 0.000

Phase 4.3 Placer Reporting

Phase 4.3.1 Print Estimated Congestion
INFO: [Place 30-612] Post-Placement Estimated Congestion 
 ____________________________________________________
|           | Global Congestion | Short Congestion  |
| Direction | Region Size       | Region Size       |
|___________|___________________|___________________|
|      North|                1x1|                8x8|
|___________|___________________|___________________|
|      South|                1x1|                4x4|
|___________|___________________|___________________|
|       East|                8x8|                8x8|
|___________|___________________|___________________|
|       West|                1x1|                1x1|
|___________|___________________|___________________|

Phase 4.3.1 Print Estimated Congestion | Checksum: 24b553d4a

Time (s): cpu = 00:01:14 ; elapsed = 00:01:10 . Memory (MB): peak = 2060.105 ; gain = 0.000
Phase 4.3 Placer Reporting | Checksum: 24b553d4a

Time (s): cpu = 00:01:14 ; elapsed = 00:01:10 . Memory (MB): peak = 2060.105 ; gain = 0.000

Phase 4.4 Final Placement Cleanup
Netlist sorting complete. Time (s): cpu = 00:00:00 ; elapsed = 00:00:00.003 . Memory (MB): peak = 2060.105 ; gain = 0.000

Time (s): cpu = 00:01:14 ; elapsed = 00:01:10 . Memory (MB): peak = 2060.105 ; gain = 0.000
Phase 4 Post Placement Optimization and Clean-Up | Checksum: 1fc15a0b5

Time (s): cpu = 00:01:14 ; elapsed = 00:01:10 . Memory (MB): peak = 2060.105 ; gain = 0.000
Ending Placer Task | Checksum: 19c4cb8d9

Time (s): cpu = 00:01:14 ; elapsed = 00:01:10 . Memory (MB): peak = 2060.105 ; gain = 0.000
37 Infos, 0 Warnings, 0 Critical Warnings and 0 Errors encountered.
place_design completed successfully
place_design: Time (s): cpu = 00:01:15 ; elapsed = 00:01:11 . Memory (MB): peak = 2060.105 ; gain = 0.000
# route_design
Command: route_design
Attempting to get a license for feature 'Implementation' and/or device 'xc7a100t'
INFO: [Common 17-349] Got license for feature 'Implementation' and/or device 'xc7a100t'


Starting Routing Task
INFO: [Route 35-254] Multithreading enabled for route_design using a maximum of 2 CPUs

Phase 1 Build RT Design
Checksum: PlaceDB: 54d4d0c3 ConstDB: 0 ShapeSum: 95a58880 RouteDB: b1d25f96
Post Restoration Checksum: NetGraph: c331521c | NumContArr: 644ae65a | Constraints: c2a8fa9d | Timing: c2a8fa9d
Phase 1 Build RT Design | Checksum: 2acce2db0

Time (s): cpu = 00:00:22 ; elapsed = 00:00:20 . Memory (MB): peak = 2060.105 ; gain = 0.000

Phase 2 Router Initialization

Phase 2.1 Fix Topology Constraints
Phase 2.1 Fix Topology Constraints | Checksum: 2acce2db0

Time (s): cpu = 00:00:22 ; elapsed = 00:00:20 . Memory (MB): peak = 2060.105 ; gain = 0.000

Phase 2.2 Pre Route Cleanup
Phase 2.2 Pre Route Cleanup | Checksum: 2acce2db0

Time (s): cpu = 00:00:22 ; elapsed = 00:00:20 . Memory (MB): peak = 2060.105 ; gain = 0.000
 Number of Nodes with overlaps = 0

Phase 2.3 Update Timing
Phase 2.3 Update Timing | Checksum: 1d42e00c7

Time (s): cpu = 00:00:25 ; elapsed = 00:00:21 . Memory (MB): peak = 2060.105 ; gain = 0.000
INFO: [Route 35-416] Intermediate Timing Summary | WNS=-3.524 | TNS=-15694.832| WHS=-0.049 | THS=-0.096 |


Phase 2.4 Soft Constraint Pins - Fast Budgeting
Phase 2.4 Soft Constraint Pins - Fast Budgeting | Checksum: 25740d2c3

Time (s): cpu = 00:00:25 ; elapsed = 00:00:22 . Memory (MB): peak = 2060.105 ; gain = 0.000

Router Utilization Summary
  Global Vertical Routing Utilization    = 0 %
  Global Horizontal Routing Utilization  = 0 %
  Routable Net Status*
  *Does not include unroutable nets such as driverless and loadless.
  Run report_route_status for detailed report.
  Number of Failed Nets               = 6600
    (Failed Nets is the sum of unrouted and partially routed nets)
  Number of Unrouted Nets             = 6600
  Number of Partially Routed Nets     = 0
  Number of Node Overlaps             = 0

Phase 2 Router Initialization | Checksum: 25740d2c3

Time (s): cpu = 00:00:26 ; elapsed = 00:00:22 . Memory (MB): peak = 2060.105 ; gain = 0.000

Phase 3 Global Routing
Phase 3 Global Routing | Checksum: 25740d2c3

Time (s): cpu = 00:00:26 ; elapsed = 00:00:22 . Memory (MB): peak = 2060.105 ; gain = 0.000

Phase 4 Initial Routing

Phase 4.1 Initial Net Routing Pass
Phase 4.1 Initial Net Routing Pass | Checksum: 1fb49ec5f

Time (s): cpu = 00:00:28 ; elapsed = 00:00:23 . Memory (MB): peak = 2060.105 ; gain = 0.000
Phase 4 Initial Routing | Checksum: 1fb49ec5f

Time (s): cpu = 00:00:28 ; elapsed = 00:00:23 . Memory (MB): peak = 2060.105 ; gain = 0.000

Phase 5 Rip-up And Reroute

Phase 5.1 Global Iteration 0
 Number of Nodes with overlaps = 2384
 Number of Nodes with overlaps = 600
 Number of Nodes with overlaps = 264
 Number of Nodes with overlaps = 158
 Number of Nodes with overlaps = 65
 Number of Nodes with overlaps = 107
 Number of Nodes with overlaps = 72
 Number of Nodes with overlaps = 57
 Number of Nodes with overlaps = 52
 Number of Nodes with overlaps = 34
 Number of Nodes with overlaps = 56
 Number of Nodes with overlaps = 23
 Number of Nodes with overlaps = 16
 Number of Nodes with overlaps = 6
 Number of Nodes with overlaps = 2
 Number of Nodes with overlaps = 1
 Number of Nodes with overlaps = 0
INFO: [Route 35-416] Intermediate Timing Summary | WNS=-5.646 | TNS=-34246.130| WHS=N/A    | THS=N/A    |

Phase 5.1 Global Iteration 0 | Checksum: 21985e7f6

Time (s): cpu = 00:01:55 ; elapsed = 00:01:37 . Memory (MB): peak = 2060.105 ; gain = 0.000

Phase 5.2 Global Iteration 1
 Number of Nodes with overlaps = 841
 Number of Nodes with overlaps = 475
 Number of Nodes with overlaps = 264
 Number of Nodes with overlaps = 176
 Number of Nodes with overlaps = 141
 Number of Nodes with overlaps = 99
 Number of Nodes with overlaps = 92
 Number of Nodes with overlaps = 59
 Number of Nodes with overlaps = 35
 Number of Nodes with overlaps = 11
 Number of Nodes with overlaps = 17
 Number of Nodes with overlaps = 4
 Number of Nodes with overlaps = 4
 Number of Nodes with overlaps = 3
 Number of Nodes with overlaps = 5
 Number of Nodes with overlaps = 5
 Number of Nodes with overlaps = 2
 Number of Nodes with overlaps = 1
 Number of Nodes with overlaps = 1
 Number of Nodes with overlaps = 0
INFO: [Route 35-416] Intermediate Timing Summary | WNS=-5.272 | TNS=-32761.961| WHS=N/A    | THS=N/A    |

Phase 5.2 Global Iteration 1 | Checksum: 2534d7453

Time (s): cpu = 00:02:36 ; elapsed = 00:02:06 . Memory (MB): peak = 2060.105 ; gain = 0.000

Phase 5.3 Global Iteration 2
 Number of Nodes with overlaps = 1025
 Number of Nodes with overlaps = 443
Phase 5.3 Global Iteration 2 | Checksum: 284738ccf

Time (s): cpu = 00:02:44 ; elapsed = 00:02:11 . Memory (MB): peak = 2060.105 ; gain = 0.000
Phase 5 Rip-up And Reroute | Checksum: 284738ccf

Time (s): cpu = 00:02:45 ; elapsed = 00:02:11 . Memory (MB): peak = 2060.105 ; gain = 0.000

Phase 6 Delay and Skew Optimization

Phase 6.1 Delay CleanUp

Phase 6.1.1 Update Timing
Phase 6.1.1 Update Timing | Checksum: 2b03ec8a4

Time (s): cpu = 00:02:45 ; elapsed = 00:02:12 . Memory (MB): peak = 2060.105 ; gain = 0.000
INFO: [Route 35-416] Intermediate Timing Summary | WNS=-5.193 | TNS=-32423.896| WHS=N/A    | THS=N/A    |

 Number of Nodes with overlaps = 0
Phase 6.1 Delay CleanUp | Checksum: 2062d29d6

Time (s): cpu = 00:02:45 ; elapsed = 00:02:12 . Memory (MB): peak = 2060.105 ; gain = 0.000

Phase 6.2 Clock Skew Optimization
Phase 6.2 Clock Skew Optimization | Checksum: 2062d29d6

Time (s): cpu = 00:02:45 ; elapsed = 00:02:12 . Memory (MB): peak = 2060.105 ; gain = 0.000
Phase 6 Delay and Skew Optimization | Checksum: 2062d29d6

Time (s): cpu = 00:02:45 ; elapsed = 00:02:12 . Memory (MB): peak = 2060.105 ; gain = 0.000

Phase 7 Post Hold Fix

Phase 7.1 Hold Fix Iter
INFO: [Route 35-416] Intermediate Timing Summary | WNS=-5.135 | TNS=-31802.386| WHS=0.100  | THS=0.000  |

Phase 7.1 Hold Fix Iter | Checksum: 1bbd247fa

Time (s): cpu = 00:02:46 ; elapsed = 00:02:12 . Memory (MB): peak = 2060.105 ; gain = 0.000
Phase 7 Post Hold Fix | Checksum: 1bbd247fa

Time (s): cpu = 00:02:46 ; elapsed = 00:02:12 . Memory (MB): peak = 2060.105 ; gain = 0.000

Phase 8 Route finalize

Router Utilization Summary
  Global Vertical Routing Utilization    = 2.92327 %
  Global Horizontal Routing Utilization  = 3.63775 %
  Routable Net Status*
  *Does not include unroutable nets such as driverless and loadless.
  Run report_route_status for detailed report.
  Number of Failed Nets               = 0
    (Failed Nets is the sum of unrouted and partially routed nets)
  Number of Unrouted Nets             = 0
  Number of Partially Routed Nets     = 0
  Number of Node Overlaps             = 0


--GLOBAL Congestion:
Utilization threshold used for congestion level computation: 0.85
Congestion Report
North Dir 2x2 Area, Max Cong = 87.8378%, Congestion bounded by tiles (Lower Left Tile -> Upper Right Tile):
   INT_L_X32Y80 -> INT_R_X33Y81
South Dir 1x1 Area, Max Cong = 95.4955%, Congestion bounded by tiles (Lower Left Tile -> Upper Right Tile):
   INT_L_X34Y69 -> INT_L_X34Y69
   INT_R_X31Y68 -> INT_R_X31Y68
   INT_R_X33Y67 -> INT_R_X33Y67
   INT_R_X39Y67 -> INT_R_X39Y67
   INT_L_X32Y66 -> INT_L_X32Y66
East Dir 2x2 Area, Max Cong = 89.3382%, Congestion bounded by tiles (Lower Left Tile -> Upper Right Tile):
   INT_L_X26Y74 -> INT_R_X27Y75
   INT_L_X26Y72 -> INT_R_X27Y73
   INT_L_X28Y70 -> INT_R_X29Y71
West Dir 1x1 Area, Max Cong = 97.0588%, Congestion bounded by tiles (Lower Left Tile -> Upper Right Tile):
   INT_R_X33Y85 -> INT_R_X33Y85
   INT_R_X33Y83 -> INT_R_X33Y83
   INT_L_X40Y83 -> INT_L_X40Y83
   INT_R_X35Y82 -> INT_R_X35Y82
   INT_R_X33Y81 -> INT_R_X33Y81

------------------------------
Reporting congestion hotspots
------------------------------
Direction: North
----------------
Congested clusters found at Level 1
Effective congestion level: 2 Aspect Ratio: 0.5 Sparse Ratio: 0.5
Direction: South
----------------
Congested clusters found at Level 0
Effective congestion level: 1 Aspect Ratio: 0.5 Sparse Ratio: 0.5
Direction: East
----------------
Congested clusters found at Level 0
Effective congestion level: 2 Aspect Ratio: 0.714286 Sparse Ratio: 1.125
Direction: West
----------------
Congested clusters found at Level 0
Effective congestion level: 1 Aspect Ratio: 0.5 Sparse Ratio: 1.25

Phase 8 Route finalize | Checksum: 1bbd247fa

Time (s): cpu = 00:02:46 ; elapsed = 00:02:12 . Memory (MB): peak = 2060.105 ; gain = 0.000

Phase 9 Verifying routed nets

 Verification completed successfully
Phase 9 Verifying routed nets | Checksum: 1bbd247fa

Time (s): cpu = 00:02:46 ; elapsed = 00:02:12 . Memory (MB): peak = 2060.105 ; gain = 0.000

Phase 10 Depositing Routes
Phase 10 Depositing Routes | Checksum: 221e630d0

Time (s): cpu = 00:02:46 ; elapsed = 00:02:13 . Memory (MB): peak = 2060.105 ; gain = 0.000

Phase 11 Post Process Routing
Phase 11 Post Process Routing | Checksum: 221e630d0

Time (s): cpu = 00:02:46 ; elapsed = 00:02:13 . Memory (MB): peak = 2060.105 ; gain = 0.000

Phase 12 Post Router Timing
INFO: [Route 35-57] Estimated Timing Summary | WNS=-5.135 | TNS=-31802.386| WHS=0.100  | THS=0.000  |

WARNING: [Route 35-328] Router estimated timing not met.
Resolution: For a complete and accurate timing signoff, report_timing_summary must be run after route_design. Alternatively, route_design can be run with the -timing_summary option to enable a complete timing signoff at the end of route_design.
Phase 12 Post Router Timing | Checksum: 221e630d0

Time (s): cpu = 00:02:47 ; elapsed = 00:02:13 . Memory (MB): peak = 2060.105 ; gain = 0.000
Total Elapsed time in route_design: 132.688 secs

Phase 13 Post-Route Event Processing
Phase 13 Post-Route Event Processing | Checksum: 1a5abf64c

Time (s): cpu = 00:02:47 ; elapsed = 00:02:13 . Memory (MB): peak = 2060.105 ; gain = 0.000
INFO: [Route 35-16] Router Completed Successfully
Ending Routing Task | Checksum: 1a5abf64c

Time (s): cpu = 00:02:47 ; elapsed = 00:02:13 . Memory (MB): peak = 2060.105 ; gain = 0.000

Routing Is Done.
INFO: [Common 17-83] Releasing license: Implementation
10 Infos, 1 Warnings, 0 Critical Warnings and 0 Errors encountered.
route_design completed successfully
route_design: Time (s): cpu = 00:02:47 ; elapsed = 00:02:13 . Memory (MB): peak = 2060.105 ; gain = 0.000
# write_bitstream -force [file join $out_dir board_number_demo.bit]
Command: write_bitstream -force C:/Users/Administrator/Desktop/final_lab5/vivado/bitstream_check/board_number_demo.bit
Attempting to get a license for feature 'Implementation' and/or device 'xc7a100t'
INFO: [Common 17-349] Got license for feature 'Implementation' and/or device 'xc7a100t'
Running DRC as a precondition to command write_bitstream
INFO: [IP_Flow 19-234] Refreshing IP repositories
INFO: [IP_Flow 19-1704] No user IP repositories specified
INFO: [IP_Flow 19-2313] Loaded Vivado IP repository 'D:/2025.2/Vivado/data/ip'.
INFO: [DRC 23-27] Running DRC with 2 threads
INFO: [Vivado 12-3199] DRC finished with 0 Errors
INFO: [Vivado 12-3200] Please refer to the DRC report (report_drc) for more information.
Integrating Hard IP ELF/MEM with the PDI.
INFO: [Designutils 20-2272] Running write_bitstream with 2 threads.
Loading data files...
Loading site data...
Loading route data...
Processing options...
Creating bitmap...
Creating bitstream...
Writing bitstream C:/Users/Administrator/Desktop/final_lab5/vivado/bitstream_check/board_number_demo.bit...
INFO: [Vivado 12-1842] Bitgen Completed Successfully.
INFO: [Common 17-83] Releasing license: Implementation
10 Infos, 0 Warnings, 0 Critical Warnings and 0 Errors encountered.
write_bitstream completed successfully
write_bitstream: Time (s): cpu = 00:00:12 ; elapsed = 00:00:10 . Memory (MB): peak = 2344.344 ; gain = 284.238
# puts "Generated bitstream: [file join $out_dir board_number_demo.bit]"
Generated bitstream: C:/Users/Administrator/Desktop/final_lab5/vivado/bitstream_check/board_number_demo.bit
# exit 0
INFO: [Common 17-206] Exiting Vivado at Thu Jun 11 00:57:44 2026...
